D:\work_project\smart_battery\Core\Src\app_freertos.c:119:6:MX_FREERTOS_Init	8	static
D:\work_project\smart_battery\Core\Src\app_freertos.c:184:6:PowerSwitchTask	16	static
D:\work_project\smart_battery\Core\Src\app_freertos.c:203:6:SensorReadTask	16	static
D:\work_project\smart_battery\Core\Src\app_freertos.c:222:6:DataReportTask	16	static
D:\work_project\smart_battery\Core\Src\app_freertos.c:241:6:IOUT_CHECKTask	16	static
D:\work_project\smart_battery\Core\Src\app_freertos.c:260:6:LEDTask	16	static
