Archive member included to satisfy reference by file (symbol)

c:/gcc-arm-none-eabi-10.3-2021.10/bin/../lib/gcc/arm-none-eabi/10.3.1/thumb/v7e-m+fp/hard\libgcc.a(_aeabi_uldivmod.o)
                              cmake/stm32cubemx/CMakeFiles/STM32_Drivers.dir/__/__/Drivers/STM32G4xx_HAL_Driver/Src/stm32g4xx_hal_uart.c.obj (__aeabi_uldivmod)
c:/gcc-arm-none-eabi-10.3-2021.10/bin/../lib/gcc/arm-none-eabi/10.3.1/thumb/v7e-m+fp/hard\libgcc.a(_udivmoddi4.o)
                              c:/gcc-arm-none-eabi-10.3-2021.10/bin/../lib/gcc/arm-none-eabi/10.3.1/thumb/v7e-m+fp/hard\libgcc.a(_aeabi_uldivmod.o) (__udivmoddi4)
c:/gcc-arm-none-eabi-10.3-2021.10/bin/../lib/gcc/arm-none-eabi/10.3.1/thumb/v7e-m+fp/hard\libgcc.a(_dvmd_tls.o)
                              c:/gcc-arm-none-eabi-10.3-2021.10/bin/../lib/gcc/arm-none-eabi/10.3.1/thumb/v7e-m+fp/hard\libgcc.a(_aeabi_uldivmod.o) (__aeabi_ldiv0)
c:/gcc-arm-none-eabi-10.3-2021.10/bin/../lib/gcc/arm-none-eabi/10.3.1/../../../../arm-none-eabi/lib/thumb/v7e-m+fp/hard\libg_nano.a(lib_a-errno.o)
                              CMakeFiles/smart_battery.dir/Core/Src/sysmem.c.obj (__errno)
c:/gcc-arm-none-eabi-10.3-2021.10/bin/../lib/gcc/arm-none-eabi/10.3.1/../../../../arm-none-eabi/lib/thumb/v7e-m+fp/hard\libg_nano.a(lib_a-exit.o)
                              c:/gcc-arm-none-eabi-10.3-2021.10/bin/../lib/gcc/arm-none-eabi/10.3.1/../../../../arm-none-eabi/lib/thumb/v7e-m+fp/hard/crt0.o (exit)
c:/gcc-arm-none-eabi-10.3-2021.10/bin/../lib/gcc/arm-none-eabi/10.3.1/../../../../arm-none-eabi/lib/thumb/v7e-m+fp/hard\libg_nano.a(lib_a-impure.o)
                              c:/gcc-arm-none-eabi-10.3-2021.10/bin/../lib/gcc/arm-none-eabi/10.3.1/../../../../arm-none-eabi/lib/thumb/v7e-m+fp/hard\libg_nano.a(lib_a-exit.o) (_global_impure_ptr)
c:/gcc-arm-none-eabi-10.3-2021.10/bin/../lib/gcc/arm-none-eabi/10.3.1/../../../../arm-none-eabi/lib/thumb/v7e-m+fp/hard\libg_nano.a(lib_a-init.o)
                              c:/gcc-arm-none-eabi-10.3-2021.10/bin/../lib/gcc/arm-none-eabi/10.3.1/../../../../arm-none-eabi/lib/thumb/v7e-m+fp/hard/crt0.o (__libc_init_array)
c:/gcc-arm-none-eabi-10.3-2021.10/bin/../lib/gcc/arm-none-eabi/10.3.1/../../../../arm-none-eabi/lib/thumb/v7e-m+fp/hard\libg_nano.a(lib_a-memcpy-stub.o)
                              CMakeFiles/smart_battery.dir/BMS/bms.c.obj (memcpy)
c:/gcc-arm-none-eabi-10.3-2021.10/bin/../lib/gcc/arm-none-eabi/10.3.1/../../../../arm-none-eabi/lib/thumb/v7e-m+fp/hard\libg_nano.a(lib_a-memset.o)
                              c:/gcc-arm-none-eabi-10.3-2021.10/bin/../lib/gcc/arm-none-eabi/10.3.1/../../../../arm-none-eabi/lib/thumb/v7e-m+fp/hard/crt0.o (memset)
c:/gcc-arm-none-eabi-10.3-2021.10/bin/../lib/gcc/arm-none-eabi/10.3.1/../../../../arm-none-eabi/lib/thumb/v7e-m+fp/hard\libg_nano.a(lib_a-snprintf.o)
                              CMakeFiles/smart_battery.dir/fh_log/fh_log.c.obj (snprintf)
c:/gcc-arm-none-eabi-10.3-2021.10/bin/../lib/gcc/arm-none-eabi/10.3.1/../../../../arm-none-eabi/lib/thumb/v7e-m+fp/hard\libg_nano.a(lib_a-strlen.o)
                              CMakeFiles/smart_battery.dir/APP/app.c.obj (strlen)
c:/gcc-arm-none-eabi-10.3-2021.10/bin/../lib/gcc/arm-none-eabi/10.3.1/../../../../arm-none-eabi/lib/thumb/v7e-m+fp/hard\libg_nano.a(lib_a-strncat.o)
                              CMakeFiles/smart_battery.dir/fh_log/fh_log.c.obj (strncat)
c:/gcc-arm-none-eabi-10.3-2021.10/bin/../lib/gcc/arm-none-eabi/10.3.1/../../../../arm-none-eabi/lib/thumb/v7e-m+fp/hard\libg_nano.a(lib_a-vsnprintf.o)
                              CMakeFiles/smart_battery.dir/fh_log/fh_log.c.obj (vsnprintf)
c:/gcc-arm-none-eabi-10.3-2021.10/bin/../lib/gcc/arm-none-eabi/10.3.1/../../../../arm-none-eabi/lib/thumb/v7e-m+fp/hard\libg_nano.a(lib_a-nano-svfprintf.o)
                              c:/gcc-arm-none-eabi-10.3-2021.10/bin/../lib/gcc/arm-none-eabi/10.3.1/../../../../arm-none-eabi/lib/thumb/v7e-m+fp/hard\libg_nano.a(lib_a-snprintf.o) (_svfprintf_r)
c:/gcc-arm-none-eabi-10.3-2021.10/bin/../lib/gcc/arm-none-eabi/10.3.1/../../../../arm-none-eabi/lib/thumb/v7e-m+fp/hard\libg_nano.a(lib_a-nano-vfprintf_i.o)
                              c:/gcc-arm-none-eabi-10.3-2021.10/bin/../lib/gcc/arm-none-eabi/10.3.1/../../../../arm-none-eabi/lib/thumb/v7e-m+fp/hard\libg_nano.a(lib_a-nano-svfprintf.o) (_printf_i)
c:/gcc-arm-none-eabi-10.3-2021.10/bin/../lib/gcc/arm-none-eabi/10.3.1/../../../../arm-none-eabi/lib/thumb/v7e-m+fp/hard\libg_nano.a(lib_a-memchr.o)
                              c:/gcc-arm-none-eabi-10.3-2021.10/bin/../lib/gcc/arm-none-eabi/10.3.1/../../../../arm-none-eabi/lib/thumb/v7e-m+fp/hard\libg_nano.a(lib_a-nano-svfprintf.o) (memchr)
c:/gcc-arm-none-eabi-10.3-2021.10/bin/../lib/gcc/arm-none-eabi/10.3.1/../../../../arm-none-eabi/lib/thumb/v7e-m+fp/hard\libg_nano.a(lib_a-memmove.o)
[...]
Memory Configuration

Name             Origin             Length             Attributes
RAM              0x20000000         0x0001c000         xrw
FLASH            0x08000000         0x00040000         xr
*default*        0x00000000         0xffffffff

Linker script and memory map

LOAD c:/gcc-arm-none-eabi-10.3-2021.10/bin/../lib/gcc/arm-none-eabi/10.3.1/thumb/v7e-m+fp/hard/crti.o
LOAD c:/gcc-arm-none-eabi-10.3-2021.10/bin/../lib/gcc/arm-none-eabi/10.3.1/thumb/v7e-m+fp/hard/crtbegin.o
LOAD c:/gcc-arm-none-eabi-10.3-2021.10/bin/../lib/gcc/arm-none-eabi/10.3.1/../../../../arm-none-eabi/lib/thumb/v7e-m+fp/hard/crt0.o
LOAD CMakeFiles/smart_battery.dir/Core/Src/main.c.obj
LOAD CMakeFiles/smart_battery.dir/Core/Src/gpio.c.obj
LOAD CMakeFiles/smart_battery.dir/Core/Src/app_freertos.c.obj
LOAD CMakeFiles/smart_battery.dir/Core/Src/dma.c.obj
LOAD CMakeFiles/smart_battery.dir/Core/Src/fdcan.c.obj
LOAD CMakeFiles/smart_battery.dir/Core/Src/usart.c.obj
LOAD CMakeFiles/smart_battery.dir/Core/Src/stm32g4xx_it.c.obj
LOAD CMakeFiles/smart_battery.dir/Core/Src/stm32g4xx_hal_msp.c.obj
LOAD CMakeFiles/smart_battery.dir/Core/Src/stm32g4xx_hal_timebase_tim.c.obj
LOAD CMakeFiles/smart_battery.dir/Core/Src/sysmem.c.obj
LOAD CMakeFiles/smart_battery.dir/Core/Src/syscalls.c.obj
LOAD CMakeFiles/smart_battery.dir/startup_stm32g491xx.s.obj
LOAD CMakeFiles/smart_battery.dir/APP/app.c.obj
LOAD CMakeFiles/smart_battery.dir/fh_log/fh_log.c.obj
LOAD CMakeFiles/smart_battery.dir/BMS/bms.c.obj
LOAD CMakeFiles/smart_battery.dir/messages/message.c.obj
LOAD CMakeFiles/smart_battery.dir/Switch/switch.c.obj
LOAD CMakeFiles/smart_battery.dir/Led/led.c.obj
LOAD cmake/stm32cubemx/CMakeFiles/STM32_Drivers.dir/__/__/Core/Src/system_stm32g4xx.c.obj
LOAD cmake/stm32cubemx/CMakeFiles/STM32_Drivers.dir/__/__/Drivers/STM32G4xx_HAL_Driver/Src/stm32g4xx_hal_tim.c.obj
LOAD cmake/stm32cubemx/CMakeFiles/STM32_Drivers.dir/__/__/Drivers/STM32G4xx_HAL_Driver/Src/stm32g4xx_hal_tim_ex.c.obj
LOAD cmake/stm32cubemx/CMakeFiles/STM32_Drivers.dir/__/__/Drivers/STM32G4xx_HAL_Driver/Src/stm32g4xx_hal_fdcan.c.obj
LOAD cmake/stm32cubemx/CMakeFiles/STM32_Drivers.dir/__/__/Drivers/STM32G4xx_HAL_Driver/Src/stm32g4xx_hal.c.obj
LOAD cmake/stm32cubemx/CMakeFiles/STM32_Drivers.dir/__/__/Drivers/STM32G4xx_HAL_Driver/Src/stm32g4xx_hal_rcc.c.obj
LOAD cmake/stm32cubemx/CMakeFiles/STM32_Drivers.dir/__/__/Drivers/STM32G4xx_HAL_Driver/Src/stm32g4xx_hal_rcc_ex.c.obj
LOAD cmake/stm32cubemx/CMakeFiles/STM32_Drivers.dir/__/__/Drivers/STM32G4xx_HAL_Driver/Src/stm32g4xx_hal_flash.c.obj
LOAD cmake/stm32cubemx/CMakeFiles/STM32_Drivers.dir/__/__/Drivers/STM32G4xx_HAL_Driver/Src/stm32g4xx_hal_flash_ex.c.obj
LOAD cmake/stm32cubemx/CMakeFiles/STM32_Drivers.dir/__/__/Drivers/STM32G4xx_HAL_Driver/Src/stm32g4xx_hal_flash_ramfunc.c.obj
LOAD cmake/stm32cubemx/CMakeFiles/STM32_Drivers.dir/__/__/Drivers/STM32G4xx_HAL_Driver/Src/stm32g4xx_hal_gpio.c.obj
LOAD cmake/stm32cubemx/CMakeFiles/STM32_Drivers.dir/__/__/Drivers/STM32G4xx_HAL_Driver/Src/stm32g4xx_hal_exti.c.obj
LOAD cmake/stm32cubemx/CMakeFiles/STM32_Drivers.dir/__/__/Drivers/STM32G4xx_HAL_Driver/Src/stm32g4xx_hal_dma.c.obj
LOAD cmake/stm32cubemx/CMakeFiles/STM32_Drivers.dir/__/__/Drivers/STM32G4xx_HAL_Driver/Src/stm32g4xx_hal_dma_ex.c.obj
LOAD cmake/stm32cubemx/CMakeFiles/STM32_Drivers.dir/__/__/Drivers/STM32G4xx_HAL_Driver/Src/stm32g4xx_hal_pwr.c.obj
LOAD cmake/stm32cubemx/CMakeFiles/STM32_Drivers.dir/__/__/Drivers/STM32G4xx_HAL_Driver/Src/stm32g4xx_hal_pwr_ex.c.obj
LOAD cmake/stm32cubemx/CMakeFiles/STM32_Drivers.dir/__/__/Drivers/STM32G4xx_HAL_Driver/Src/stm32g4xx_hal_cortex.c.obj
LOAD cmake/stm32cubemx/CMakeFiles/STM32_Drivers.dir/__/__/Drivers/STM32G4xx_HAL_Driver/Src/stm32g4xx_hal_uart.c.obj
LOAD cmake/stm32cubemx/CMakeFiles/STM32_Drivers.dir/__/__/Drivers/STM32G4xx_HAL_Driver/Src/stm32g4xx_hal_uart_ex.c.obj
LOAD cmake/stm32cubemx/CMakeFiles/FreeRTOS.dir/__/__/Middlewares/Third_Party/FreeRTOS/Source/croutine.c.obj
LOAD cmake/stm32cubemx/CMakeFiles/FreeRTOS.dir/__/__/Middlewares/Third_Party/FreeRTOS/Source/event_groups.c.obj
LOAD cmake/stm32cubemx/CMakeFiles/FreeRTOS.dir/__/__/Middlewares/Third_Party/FreeRTOS/Source/list.c.obj
LOAD cmake/stm32cubemx/CMakeFiles/FreeRTOS.dir/__/__/Middlewares/Third_Party/FreeRTOS/Source/queue.c.obj
LOAD cmake/stm32cubemx/CMakeFiles/FreeRTOS.dir/__/__/Middlewares/Third_Party/FreeRTOS/Source/stream_buffer.c.obj
LOAD cmake/stm32cubemx/CMakeFiles/FreeRTOS.dir/__/__/Middlewares/Third_Party/FreeRTOS/Source/tasks.c.obj
LOAD cmake/stm32cubemx/CMakeFiles/FreeRTOS.dir/__/__/Middlewares/Third_Party/FreeRTOS/Source/timers.c.obj
LOAD cmake/stm32cubemx/CMakeFiles/FreeRTOS.dir/__/__/Middlewares/Third_Party/FreeRTOS/Source/CMSIS_RTOS_V2/cmsis_os2.c.obj
LOAD cmake/stm32cubemx/CMakeFiles/FreeRTOS.dir/__/__/Middlewares/Third_Party/FreeRTOS/Source/portable/MemMang/heap_4.c.obj
LOAD cmake/stm32cubemx/CMakeFiles/FreeRTOS.dir/__/__/Middlewares/Third_Party/FreeRTOS/Source/portable/GCC/ARM_CM4F/port.c.obj
LOAD c:/gcc-arm-none-eabi-10.3-2021.10/bin/../lib/gcc/arm-none-eabi/10.3.1/../../../../arm-none-eabi/lib/thumb/v7e-m+fp/hard\libm.a
START GROUP
LOAD c:/gcc-arm-none-eabi-10.3-2021.10/bin/../lib/gcc/arm-none-eabi/10.3.1/thumb/v7e-m+fp/hard\libgcc.a
LOAD c:/gcc-arm-none-eabi-10.3-2021.10/bin/../lib/gcc/arm-none-eabi/10.3.1/../../../../arm-none-eabi/lib/thumb/v7e-m+fp/hard\libg_nano.a
LOAD c:/gcc-arm-none-eabi-10.3-2021.10/bin/../lib/gcc/arm-none-eabi/10.3.1/../../../../arm-none-eabi/lib/thumb/v7e-m+fp/hard\libc_nano.a
END GROUP
START GROUP
LOAD c:/gcc-arm-none-eabi-10.3-2021.10/bin/../lib/gcc/arm-none-eabi/10.3.1/thumb/v7e-m+fp/hard\libgcc.a
LOAD c:/gcc-arm-none-eabi-10.3-2021.10/bin/../lib/gcc/arm-none-eabi/10.3.1/../../../../arm-none-eabi/lib/thumb/v7e-m+fp/hard\libc_nano.a
END GROUP
LOAD c:/gcc-arm-none-eabi-10.3-2021.10/bin/../lib/gcc/arm-none-eabi/10.3.1/thumb/v7e-m+fp/hard/crtend.o
LOAD c:/gcc-arm-none-eabi-10.3-2021.10/bin/../lib/gcc/arm-none-eabi/10.3.1/thumb/v7e-m+fp/hard/crtn.o
                0x2001c000                _estack = (ORIGIN (RAM) + LENGTH (RAM))
                0x2001bc00                _sstack = (_estack - _Min_Stack_Size)
                0x00000200                _Min_Heap_Size = 0x200
                0x00000400                _Min_Stack_Size = 0x400

.isr_vector     0x08000000      0x1d8
                0x08000000                . = ALIGN (0x4)
 *(.isr_vector)
 .isr_vector    0x08000000      0x1d8 CMakeFiles/smart_battery.dir/startup_stm32g491xx.s.obj
                0x08000000                g_pfnVectors
                0x080001d8                . = ALIGN (0x4)

.text           0x080001e0     0xbde0
                0x080001e0                . = ALIGN (0x4)
 *(.text)
 .text          0x080001e0       0x40 c:/gcc-arm-none-eabi-10.3-2021.10/bin/../lib/gcc/arm-none-eabi/10.3.1/thumb/v7e-m+fp/hard/crtbegin.o
 .text          0x08000220       0x30 c:/gcc-arm-none-eabi-10.3-2021.10/bin/../lib/gcc/arm-none-eabi/10.3.1/thumb/v7e-m+fp/hard\libgcc.a(_aeabi_uldivmod.o)
                0x08000220                __aeabi_uldivmod
 .text          0x08000250      0x2d0 c:/gcc-arm-none-eabi-10.3-2021.10/bin/../lib/gcc/arm-none-eabi/10.3.1/thumb/v7e-m+fp/hard\libgcc.a(_udivmoddi4.o)
                0x08000250                __udivmoddi4
 .text          0x08000520        0x4 c:/gcc-arm-none-eabi-10.3-2021.10/bin/../lib/gcc/arm-none-eabi/10.3.1/thumb/v7e-m+fp/hard\libgcc.a(_dvmd_tls.o)
                0x08000520                __aeabi_idiv0
                0x08000520                __aeabi_ldiv0
 .text          0x08000524       0x10 c:/gcc-arm-none-eabi-10.3-2021.10/bin/../lib/gcc/arm-none-eabi/10.3.1/../../../../arm-none-eabi/lib/thumb/v7e-m+fp/hard\libg_nano.a(lib_a-strlen.o)
                0x08000524                strlen
 *fill*         0x08000534        0xc 
 .text          0x08000540       0xa0 c:/gcc-arm-none-eabi-10.3-2021.10/bin/../lib/gcc/arm-none-eabi/10.3.1/../../../../arm-none-eabi/lib/thumb/v7e-m+fp/hard\libg_nano.a(lib_a-memchr.o)
                0x08000540                memchr
 *(.text*)
 .text.main     0x080005e0       0x2e CMakeFiles/smart_battery.dir/Core/Src/main.c.obj
                0x080005e0                main
 .text.SystemClock_Config
                0x0800060e       0x92 CMakeFiles/smart_battery.dir/Core/Src/main.c.obj
                0x0800060e                SystemClock_Config
 .text.HAL_TIM_PeriodElapsedCallback
                0x080006a0       0x24 CMakeFiles/smart_battery.dir/Core/Src/main.c.obj
                0x080006a0                HAL_TIM_PeriodElapsedCallback
 .text.Error_Handler
                0x080006c4        0xa CMakeFiles/smart_battery.dir/Core/Src/main.c.obj
                0x080006c4                Error_Handler
 *fill*         0x080006ce        0x2 
 .text.MX_GPIO_Init
                0x080006d0      0x124 CMakeFiles/smart_battery.dir/Core/Src/gpio.c.obj
                0x080006d0                MX_GPIO_Init
 .text.MX_FREERTOS_Init
                0x080007f4       0xe0 CMakeFiles/smart_battery.dir/Core/Src/app_freertos.c.obj
                0x080007f4                MX_FREERTOS_Init
 .text.PowerSwitchTask
                0x080008d4       0x14 CMakeFiles/smart_battery.dir/Core/Src/app_freertos.c.obj
                0x080008d4                PowerSwitchTask
 .text.SensorReadTask
                0x080008e8       0x14 CMakeFiles/smart_battery.dir/Core/Src/app_freertos.c.obj
                0x080008e8                SensorReadTask
 .text.DataReportTask
                0x080008fc       0x14 CMakeFiles/smart_battery.dir/Core/Src/app_freertos.c.obj
                0x080008fc                DataReportTask
 .text.IOUT_CHECKTask
                0x08000910       0x14 CMakeFiles/smart_battery.dir/Core/Src/app_freertos.c.obj
                0x08000910                IOUT_CHECKTask
 .text.LEDTask  0x08000924       0x14 CMakeFiles/smart_battery.dir/Core/Src/app_freertos.c.obj
                0x08000924                LEDTask
 .text.MX_DMA_Init
                0x08000938       0x64 CMakeFiles/smart_battery.dir/Core/Src/dma.c.obj
                0x08000938                MX_DMA_Init
 .text.MX_FDCAN1_Init
                0x0800099c       0xe8 CMakeFiles/smart_battery.dir/Core/Src/fdcan.c.obj
                0x0800099c                MX_FDCAN1_Init
 .text.HAL_FDCAN_MspInit
                0x08000a84       0xc4 CMakeFiles/smart_battery.dir/Core/Src/fdcan.c.obj
                0x08000a84                HAL_FDCAN_MspInit
 .text.MX_USART1_UART_Init
                0x08000b48       0x9c CMakeFiles/smart_battery.dir/Core/Src/usart.c.obj
                0x08000b48                MX_USART1_UART_Init
 .text.MX_USART2_UART_Init
                0x08000be4       0x98 CMakeFiles/smart_battery.dir/Core/Src/usart.c.obj
                0x08000be4                MX_USART2_UART_Init
 .text.HAL_UART_MspInit
                0x08000c7c      0x1f8 CMakeFiles/smart_battery.dir/Core/Src/usart.c.obj
                0x08000c7c                HAL_UART_MspInit
 .text.NMI_Handler
                0x08000e74        0x6 CMakeFiles/smart_battery.dir/Core/Src/stm32g4xx_it.c.obj
                0x08000e74                NMI_Handler
 .text.HardFault_Handler
                0x08000e7a        0x6 CMakeFiles/smart_battery.dir/Core/Src/stm32g4xx_it.c.obj
                0x08000e7a                HardFault_Handler
 .text.MemManage_Handler
                0x08000e80        0x6 CMakeFiles/smart_battery.dir/Core/Src/stm32g4xx_it.c.obj
                0x08000e80                MemManage_Handler
 .text.BusFault_Handler
                0x08000e86        0x6 CMakeFiles/smart_battery.dir/Core/Src/stm32g4xx_it.c.obj
                0x08000e86                BusFault_Handler
 .text.UsageFault_Handler
                0x08000e8c        0x6 CMakeFiles/smart_battery.dir/Core/Src/stm32g4xx_it.c.obj
                0x08000e8c                UsageFault_Handler
 .text.DebugMon_Handler
                0x08000e92        0xe CMakeFiles/smart_battery.dir/Core/Src/stm32g4xx_it.c.obj
                0x08000e92                DebugMon_Handler
 .text.EXTI1_IRQHandler
                0x08000ea0        0xe CMakeFiles/smart_battery.dir/Core/Src/stm32g4xx_it.c.obj
                0x08000ea0                EXTI1_IRQHandler
 *fill*         0x08000eae        0x2 
 .text.DMA1_Channel1_IRQHandler
                0x08000eb0       0x14 CMakeFiles/smart_battery.dir/Core/Src/stm32g4xx_it.c.obj
                0x08000eb0                DMA1_Channel1_IRQHandler
 .text.DMA1_Channel2_IRQHandler
                0x08000ec4       0x14 CMakeFiles/smart_battery.dir/Core/Src/stm32g4xx_it.c.obj
                0x08000ec4                DMA1_Channel2_IRQHandler
 .text.FDCAN1_IT0_IRQHandler
                0x08000ed8       0x14 CMakeFiles/smart_battery.dir/Core/Src/stm32g4xx_it.c.obj
                0x08000ed8                FDCAN1_IT0_IRQHandler
 .text.USART2_IRQHandler
                0x08000eec       0x18 CMakeFiles/smart_battery.dir/Core/Src/stm32g4xx_it.c.obj
                0x08000eec                USART2_IRQHandler
 .text.TIM7_IRQHandler
                0x08000f04       0x14 CMakeFiles/smart_battery.dir/Core/Src/stm32g4xx_it.c.obj
                0x08000f04                TIM7_IRQHandler
 .text.HAL_MspInit
                0x08000f18       0x54 CMakeFiles/smart_battery.dir/Core/Src/stm32g4xx_hal_msp.c.obj
                0x08000f18                HAL_MspInit
 .text.HAL_InitTick
                0x08000f6c       0xd8 CMakeFiles/smart_battery.dir/Core/Src/stm32g4xx_hal_timebase_tim.c.obj
                0x08000f6c                HAL_InitTick
 .text._sbrk    0x08001044       0x6c CMakeFiles/smart_battery.dir/Core/Src/sysmem.c.obj
                0x08001044                _sbrk
 .text.Reset_Handler
                0x080010b0       0x50 CMakeFiles/smart_battery.dir/startup_stm32g491xx.s.obj
                0x080010b0                Reset_Handler
 .text.Default_Handler
                0x08001100        0x2 CMakeFiles/smart_battery.dir/startup_stm32g491xx.s.obj
                0x08001100                RTC_Alarm_IRQHandler
                0x08001100                EXTI2_IRQHandler
                0x08001100                TIM8_TRG_COM_IRQHandler
                0x08001100                TIM8_CC_IRQHandler
                0x08001100                TIM1_CC_IRQHandler
                0x08001100                USB_HP_IRQHandler
                0x08001100                CORDIC_IRQHandler
                0x08001100                DMA2_Channel8_IRQHandler
                0x08001100                EXTI3_IRQHandler
                0x08001100                I2C3_ER_IRQHandler
                0x08001100                EXTI0_IRQHandler
                0x08001100                I2C2_EV_IRQHandler
                0x08001100                FPU_IRQHandler
                0x08001100                FDCAN1_IT1_IRQHandler
                0x08001100                TIM1_UP_TIM16_IRQHandler
                0x08001100                ADC1_2_IRQHandler
                0x08001100                SPI1_IRQHandler
                0x08001100                TIM6_DAC_IRQHandler
                0x08001100                TIM8_UP_IRQHandler
                0x08001100                DMA2_Channel2_IRQHandler
                0x08001100                DMA1_Channel4_IRQHandler
                0x08001100                TIM20_TRG_COM_IRQHandler
                0x08001100                USART3_IRQHandler
                0x08001100                DMA1_Channel7_IRQHandler
                0x08001100                UART5_IRQHandler
                0x08001100                ADC3_IRQHandler
                0x08001100                TIM4_IRQHandler
                0x08001100                DMA2_Channel1_IRQHandler
                0x08001100                QUADSPI_IRQHandler
                0x08001100                I2C1_EV_IRQHandler
                0x08001100                DMA1_Channel6_IRQHandler
                0x08001100                UART4_IRQHandler
                0x08001100                DMA2_Channel4_IRQHandler
                0x08001100                TIM3_IRQHandler
                0x08001100                RCC_IRQHandler
                0x08001100                TIM20_UP_IRQHandler
                0x08001100                Default_Handler
                0x08001100                DMA2_Channel7_IRQHandler
                0x08001100                RTC_TAMP_LSECSS_IRQHandler
                0x08001100                FMAC_IRQHandler
                0x08001100                EXTI15_10_IRQHandler
                0x08001100                DMA1_Channel8_IRQHandler
                0x08001100                UCPD1_IRQHandler
                0x08001100                I2C3_EV_IRQHandler
                0x08001100                EXTI9_5_IRQHandler
                0x08001100                RTC_WKUP_IRQHandler
                0x08001100                PVD_PVM_IRQHandler
                0x08001100                SPI2_IRQHandler
                0x08001100                DMA2_Channel5_IRQHandler
                0x08001100                CRS_IRQHandler
                0x08001100                DMA1_Channel5_IRQHandler
                0x08001100                USB_LP_IRQHandler
                0x08001100                EXTI4_IRQHandler
                0x08001100                RNG_IRQHandler
                0x08001100                TIM1_TRG_COM_TIM17_IRQHandler
                0x08001100                FDCAN2_IT1_IRQHandler
                0x08001100                DMA1_Channel3_IRQHandler
                0x08001100                WWDG_IRQHandler
                0x08001100                FDCAN2_IT0_IRQHandler
                0x08001100                LPUART1_IRQHandler
                0x08001100                DMA2_Channel6_IRQHandler
                0x08001100                TIM2_IRQHandler
                0x08001100                COMP1_2_3_IRQHandler
                0x08001100                TIM20_BRK_IRQHandler
                0x08001100                I2C2_ER_IRQHandler
                0x08001100                TIM8_BRK_IRQHandler
                0x08001100                FLASH_IRQHandler
                0x08001100                TIM20_CC_IRQHandler
                0x08001100                USART1_IRQHandler
                0x08001100                SPI3_IRQHandler
                0x08001100                I2C1_ER_IRQHandler
                0x08001100                LPTIM1_IRQHandler
                0x08001100                DMAMUX_OVR_IRQHandler
                0x08001100                USBWakeUp_IRQHandler
                0x08001100                SAI1_IRQHandler
                0x08001100                DMA2_Channel3_IRQHandler
                0x08001100                COMP4_IRQHandler
                0x08001100                TIM1_BRK_TIM15_IRQHandler
 *fill*         0x08001102        0x2 
 .text.uart_send_str
                0x08001104       0x34 CMakeFiles/smart_battery.dir/APP/app.c.obj
                0x08001104                uart_send_str
 .text.log_time
                0x08001138        0xe CMakeFiles/smart_battery.dir/APP/app.c.obj
                0x08001138                log_time
 *fill*         0x08001146        0x2 
 .text.app_init
                0x08001148       0x74 CMakeFiles/smart_battery.dir/APP/app.c.obj
                0x08001148                app_init
 .text.PowerSwitchFunction
                0x080011bc       0xe4 CMakeFiles/smart_battery.dir/APP/app.c.obj
                0x080011bc                PowerSwitchFunction
 .text.SensorReadFunction
                0x080012a0       0x50 CMakeFiles/smart_battery.dir/APP/app.c.obj
                0x080012a0                SensorReadFunction
 .text.DataReportFunction
                0x080012f0       0x34 CMakeFiles/smart_battery.dir/APP/app.c.obj
                0x080012f0                DataReportFunction
 .text.IOUT_CHECKFunction
                0x08001324      0x128 CMakeFiles/smart_battery.dir/APP/app.c.obj
                0x08001324                IOUT_CHECKFunction
 .text.LEDFunction
                0x0800144c       0x3c CMakeFiles/smart_battery.dir/APP/app.c.obj
                0x0800144c                LEDFunction
 .text.log_init
                0x08001488       0x74 CMakeFiles/smart_battery.dir/fh_log/fh_log.c.obj
                0x08001488                log_init
 .text.log_printf
                0x080014fc      0x1c8 CMakeFiles/smart_battery.dir/fh_log/fh_log.c.obj
                0x080014fc                log_printf
 .text.BMS_CalcChecksum
                0x080016c4       0x52 CMakeFiles/smart_battery.dir/BMS/bms.c.obj
                0x080016c4                BMS_CalcChecksum
 .text.BMS_CalcRespChecksum
                0x08001716       0x52 CMakeFiles/smart_battery.dir/BMS/bms.c.obj
 .text.BMS_BuildFrame
                0x08001768      0x108 CMakeFiles/smart_battery.dir/BMS/bms.c.obj
                0x08001768                BMS_BuildFrame
 .text.build_simple_cmd
                0x08001870       0x32 CMakeFiles/smart_battery.dir/BMS/bms.c.obj
 .text.BMS_MakeReadBasicInfoCmd
                0x080018a2       0x1c CMakeFiles/smart_battery.dir/BMS/bms.c.obj
                0x080018a2                BMS_MakeReadBasicInfoCmd
 .text.BMS_MakeReadCellVoltageCmd
                0x080018be       0x1c CMakeFiles/smart_battery.dir/BMS/bms.c.obj
                0x080018be                BMS_MakeReadCellVoltageCmd
 .text.BMS_MakeControlChargeMosCmd
                0x080018da       0x42 CMakeFiles/smart_battery.dir/BMS/bms.c.obj
                0x080018da                BMS_MakeControlChargeMosCmd
 .text.BMS_MakeControlDischargeMosCmd
                0x0800191c       0x42 CMakeFiles/smart_battery.dir/BMS/bms.c.obj
                0x0800191c                BMS_MakeControlDischargeMosCmd
 .text.BMS_ParseResponse
                0x0800195e      0x142 CMakeFiles/smart_battery.dir/BMS/bms.c.obj
                0x0800195e                BMS_ParseResponse
 .text.BMS_ParseBasicInfo
                0x08001aa0      0x1a2 CMakeFiles/smart_battery.dir/BMS/bms.c.obj
                0x08001aa0                BMS_ParseBasicInfo
 .text.BMS_ParseCellVoltage
                0x08001c42       0x86 CMakeFiles/smart_battery.dir/BMS/bms.c.obj
                0x08001c42                BMS_ParseCellVoltage
 .text.BMS_ParseHardwareVersion
                0x08001cc8       0x68 CMakeFiles/smart_battery.dir/BMS/bms.c.obj
                0x08001cc8                BMS_ParseHardwareVersion
 .text.BMS_ParseProtectCount
                0x08001d30       0xca CMakeFiles/smart_battery.dir/BMS/bms.c.obj
                0x08001d30                BMS_ParseProtectCount
 .text.BMS_ParseParameterResponse
                0x08001dfa       0x8a CMakeFiles/smart_battery.dir/BMS/bms.c.obj
                0x08001dfa                BMS_ParseParameterResponse
 .text.ProcessBMSFrame
                0x08001e84      0x714 CMakeFiles/smart_battery.dir/messages/message.c.obj
 .text.USART2_IQR
                0x08002598       0x6c CMakeFiles/smart_battery.dir/messages/message.c.obj
                0x08002598                USART2_IQR
 .text.BMS_SendData
                0x08002604       0x24 CMakeFiles/smart_battery.dir/messages/message.c.obj
                0x08002604                BMS_SendData
 .text.HAL_FDCAN_RxFifo0Callback
                0x08002628       0x26 CMakeFiles/smart_battery.dir/messages/message.c.obj
                0x08002628                HAL_FDCAN_RxFifo0Callback
 *fill*         0x0800264e        0x2 
 .text.FDCAN1_SendData
                0x08002650       0x94 CMakeFiles/smart_battery.dir/messages/message.c.obj
                0x08002650                FDCAN1_SendData
 .text.pack_bms_data
                0x080026e4      0x31a CMakeFiles/smart_battery.dir/messages/message.c.obj
                0x080026e4                pack_bms_data
 *fill*         0x080029fe        0x2 
 .text.PowerOn  0x08002a00      0x270 CMakeFiles/smart_battery.dir/Switch/switch.c.obj
                0x08002a00                PowerOn
 .text.PowerOff
                0x08002c70      0x1cc CMakeFiles/smart_battery.dir/Switch/switch.c.obj
                0x08002c70                PowerOff
 .text.HAL_GPIO_EXTI_Callback
                0x08002e3c       0x40 CMakeFiles/smart_battery.dir/Switch/switch.c.obj
                0x08002e3c                HAL_GPIO_EXTI_Callback
 .text.LEDControl
                0x08002e7c       0xa0 CMakeFiles/smart_battery.dir/Led/led.c.obj
                0x08002e7c                LEDControl
 .text.SetLedsByRSOC
                0x08002f1c       0x62 CMakeFiles/smart_battery.dir/Led/led.c.obj
                0x08002f1c                SetLedsByRSOC
 *fill*         0x08002f7e        0x2 
 .text.SystemInit
                0x08002f80       0x24 cmake/stm32cubemx/CMakeFiles/STM32_Drivers.dir/__/__/Core/Src/system_stm32g4xx.c.obj
                0x08002f80                SystemInit
 .text.HAL_TIM_Base_Init
                0x08002fa4       0xae cmake/stm32cubemx/CMakeFiles/STM32_Drivers.dir/__/__/Drivers/STM32G4xx_HAL_Driver/Src/stm32g4xx_hal_tim.c.obj
                0x08002fa4                HAL_TIM_Base_Init
 .text.HAL_TIM_Base_MspInit
                0x08003052       0x14 cmake/stm32cubemx/CMakeFiles/STM32_Drivers.dir/__/__/Drivers/STM32G4xx_HAL_Driver/Src/stm32g4xx_hal_tim.c.obj
                0x08003052                HAL_TIM_Base_MspInit
 *fill*         0x08003066        0x2 
 .text.HAL_TIM_Base_Start_IT
                0x08003068       0xe0 cmake/stm32cubemx/CMakeFiles/STM32_Drivers.dir/__/__/Drivers/STM32G4xx_HAL_Driver/Src/stm32g4xx_hal_tim.c.obj
                0x08003068                HAL_TIM_Base_Start_IT
 .text.HAL_TIM_IRQHandler
                0x08003148      0x29e cmake/stm32cubemx/CMakeFiles/STM32_Drivers.dir/__/__/Drivers/STM32G4xx_HAL_Driver/Src/stm32g4xx_hal_tim.c.obj
                0x08003148                HAL_TIM_IRQHandler
 .text.HAL_TIM_OC_DelayElapsedCallback
                0x080033e6       0x14 cmake/stm32cubemx/CMakeFiles/STM32_Drivers.dir/__/__/Drivers/STM32G4xx_HAL_Driver/Src/stm32g4xx_hal_tim.c.obj
                0x080033e6                HAL_TIM_OC_DelayElapsedCallback
 .text.HAL_TIM_IC_CaptureCallback
                0x080033fa       0x14 cmake/stm32cubemx/CMakeFiles/STM32_Drivers.dir/__/__/Drivers/STM32G4xx_HAL_Driver/Src/stm32g4xx_hal_tim.c.obj
                0x080033fa                HAL_TIM_IC_CaptureCallback
 .text.HAL_TIM_PWM_PulseFinishedCallback
                0x0800340e       0x14 cmake/stm32cubemx/CMakeFiles/STM32_Drivers.dir/__/__/Drivers/STM32G4xx_HAL_Driver/Src/stm32g4xx_hal_tim.c.obj
                0x0800340e                HAL_TIM_PWM_PulseFinishedCallback
 .text.HAL_TIM_TriggerCallback
                0x08003422       0x14 cmake/stm32cubemx/CMakeFiles/STM32_Drivers.dir/__/__/Drivers/STM32G4xx_HAL_Driver/Src/stm32g4xx_hal_tim.c.obj
                0x08003422                HAL_TIM_TriggerCallback
 *fill*         0x08003436        0x2 
 .text.TIM_Base_SetConfig
                0x08003438      0x148 cmake/stm32cubemx/CMakeFiles/STM32_Drivers.dir/__/__/Drivers/STM32G4xx_HAL_Driver/Src/stm32g4xx_hal_tim.c.obj
                0x08003438                TIM_Base_SetConfig
 .text.HAL_TIMEx_CommutCallback
                0x08003580       0x14 cmake/stm32cubemx/CMakeFiles/STM32_Drivers.dir/__/__/Drivers/STM32G4xx_HAL_Driver/Src/stm32g4xx_hal_tim_ex.c.obj
                0x08003580                HAL_TIMEx_CommutCallback
 .text.HAL_TIMEx_BreakCallback
                0x08003594       0x14 cmake/stm32cubemx/CMakeFiles/STM32_Drivers.dir/__/__/Drivers/STM32G4xx_HAL_Driver/Src/stm32g4xx_hal_tim_ex.c.obj
                0x08003594                HAL_TIMEx_BreakCallback
 .text.HAL_TIMEx_Break2Callback
                0x080035a8       0x14 cmake/stm32cubemx/CMakeFiles/STM32_Drivers.dir/__/__/Drivers/STM32G4xx_HAL_Driver/Src/stm32g4xx_hal_tim_ex.c.obj
                0x080035a8                HAL_TIMEx_Break2Callback
 .text.HAL_TIMEx_EncoderIndexCallback
                0x080035bc       0x14 cmake/stm32cubemx/CMakeFiles/STM32_Drivers.dir/__/__/Drivers/STM32G4xx_HAL_Driver/Src/stm32g4xx_hal_tim_ex.c.obj
                0x080035bc                HAL_TIMEx_EncoderIndexCallback
 .text.HAL_TIMEx_DirectionChangeCallback
                0x080035d0       0x14 cmake/stm32cubemx/CMakeFiles/STM32_Drivers.dir/__/__/Drivers/STM32G4xx_HAL_Driver/Src/stm32g4xx_hal_tim_ex.c.obj
                0x080035d0                HAL_TIMEx_DirectionChangeCallback
 .text.HAL_TIMEx_IndexErrorCallback
                0x080035e4       0x14 cmake/stm32cubemx/CMakeFiles/STM32_Drivers.dir/__/__/Drivers/STM32G4xx_HAL_Driver/Src/stm32g4xx_hal_tim_ex.c.obj
                0x080035e4                HAL_TIMEx_IndexErrorCallback
 .text.HAL_TIMEx_TransitionErrorCallback
                0x080035f8       0x14 cmake/stm32cubemx/CMakeFiles/STM32_Drivers.dir/__/__/Drivers/STM32G4xx_HAL_Driver/Src/stm32g4xx_hal_tim_ex.c.obj
                0x080035f8                HAL_TIMEx_TransitionErrorCallback
 .text.HAL_FDCAN_Init
                0x0800360c      0x2b4 cmake/stm32cubemx/CMakeFiles/STM32_Drivers.dir/__/__/Drivers/STM32G4xx_HAL_Driver/Src/stm32g4xx_hal_fdcan.c.obj
                0x0800360c                HAL_FDCAN_Init
 .text.HAL_FDCAN_ConfigFilter
                0x080038c0       0xb4 cmake/stm32cubemx/CMakeFiles/STM32_Drivers.dir/__/__/Drivers/STM32G4xx_HAL_Driver/Src/stm32g4xx_hal_fdcan.c.obj
                0x080038c0                HAL_FDCAN_ConfigFilter
 .text.HAL_FDCAN_Start
                0x08003974       0x50 cmake/stm32cubemx/CMakeFiles/STM32_Drivers.dir/__/__/Drivers/STM32G4xx_HAL_Driver/Src/stm32g4xx_hal_fdcan.c.obj
                0x08003974                HAL_FDCAN_Start
 .text.HAL_FDCAN_AddMessageToTxFifoQ
                0x080039c4       0x88 cmake/stm32cubemx/CMakeFiles/STM32_Drivers.dir/__/__/Drivers/STM32G4xx_HAL_Driver/Src/stm32g4xx_hal_fdcan.c.obj
                0x080039c4                HAL_FDCAN_AddMessageToTxFifoQ
 .text.HAL_FDCAN_GetRxMessage
                0x08003a4c      0x210 cmake/stm32cubemx/CMakeFiles/STM32_Drivers.dir/__/__/Drivers/STM32G4xx_HAL_Driver/Src/stm32g4xx_hal_fdcan.c.obj
                0x08003a4c                HAL_FDCAN_GetRxMessage
 .text.HAL_FDCAN_GetTxFifoFreeLevel
                0x08003c5c       0x24 cmake/stm32cubemx/CMakeFiles/STM32_Drivers.dir/__/__/Drivers/STM32G4xx_HAL_Driver/Src/stm32g4xx_hal_fdcan.c.obj
                0x08003c5c                HAL_FDCAN_GetTxFifoFreeLevel
 .text.HAL_FDCAN_ActivateNotification
                0x08003c80      0x1cc cmake/stm32cubemx/CMakeFiles/STM32_Drivers.dir/__/__/Drivers/STM32G4xx_HAL_Driver/Src/stm32g4xx_hal_fdcan.c.obj
                0x08003c80                HAL_FDCAN_ActivateNotification
 .text.HAL_FDCAN_IRQHandler
                0x08003e4c      0x266 cmake/stm32cubemx/CMakeFiles/STM32_Drivers.dir/__/__/Drivers/STM32G4xx_HAL_Driver/Src/stm32g4xx_hal_fdcan.c.obj
                0x08003e4c                HAL_FDCAN_IRQHandler
 .text.HAL_FDCAN_TxEventFifoCallback
                0x080040b2       0x16 cmake/stm32cubemx/CMakeFiles/STM32_Drivers.dir/__/__/Drivers/STM32G4xx_HAL_Driver/Src/stm32g4xx_hal_fdcan.c.obj
                0x080040b2                HAL_FDCAN_TxEventFifoCallback
 .text.HAL_FDCAN_RxFifo1Callback
                0x080040c8       0x16 cmake/stm32cubemx/CMakeFiles/STM32_Drivers.dir/__/__/Drivers/STM32G4xx_HAL_Driver/Src/stm32g4xx_hal_fdcan.c.obj
                0x080040c8                HAL_FDCAN_RxFifo1Callback
 .text.HAL_FDCAN_TxFifoEmptyCallback
                0x080040de       0x14 cmake/stm32cubemx/CMakeFiles/STM32_Drivers.dir/__/__/Drivers/STM32G4xx_HAL_Driver/Src/stm32g4xx_hal_fdcan.c.obj
                0x080040de                HAL_FDCAN_TxFifoEmptyCallback
 .text.HAL_FDCAN_TxBufferCompleteCallback
                0x080040f2       0x16 cmake/stm32cubemx/CMakeFiles/STM32_Drivers.dir/__/__/Drivers/STM32G4xx_HAL_Driver/Src/stm32g4xx_hal_fdcan.c.obj
                0x080040f2                HAL_FDCAN_TxBufferCompleteCallback
 .text.HAL_FDCAN_TxBufferAbortCallback
                0x08004108       0x16 cmake/stm32cubemx/CMakeFiles/STM32_Drivers.dir/__/__/Drivers/STM32G4xx_HAL_Driver/Src/stm32g4xx_hal_fdcan.c.obj
                0x08004108                HAL_FDCAN_TxBufferAbortCallback
 .text.HAL_FDCAN_TimestampWraparoundCallback
                0x0800411e       0x14 cmake/stm32cubemx/CMakeFiles/STM32_Drivers.dir/__/__/Drivers/STM32G4xx_HAL_Driver/Src/stm32g4xx_hal_fdcan.c.obj
                0x0800411e                HAL_FDCAN_TimestampWraparoundCallback
 .text.HAL_FDCAN_TimeoutOccurredCallback
                0x08004132       0x14 cmake/stm32cubemx/CMakeFiles/STM32_Drivers.dir/__/__/Drivers/STM32G4xx_HAL_Driver/Src/stm32g4xx_hal_fdcan.c.obj
                0x08004132                HAL_FDCAN_TimeoutOccurredCallback
 .text.HAL_FDCAN_HighPriorityMessageCallback
                0x08004146       0x14 cmake/stm32cubemx/CMakeFiles/STM32_Drivers.dir/__/__/Drivers/STM32G4xx_HAL_Driver/Src/stm32g4xx_hal_fdcan.c.obj
                0x08004146                HAL_FDCAN_HighPriorityMessageCallback
 .text.HAL_FDCAN_ErrorCallback
                0x0800415a       0x14 cmake/stm32cubemx/CMakeFiles/STM32_Drivers.dir/__/__/Drivers/STM32G4xx_HAL_Driver/Src/stm32g4xx_hal_fdcan.c.obj
                0x0800415a                HAL_FDCAN_ErrorCallback
 .text.HAL_FDCAN_ErrorStatusCallback
                0x0800416e       0x16 cmake/stm32cubemx/CMakeFiles/STM32_Drivers.dir/__/__/Drivers/STM32G4xx_HAL_Driver/Src/stm32g4xx_hal_fdcan.c.obj
                0x0800416e                HAL_FDCAN_ErrorStatusCallback
 .text.FDCAN_CalcultateRamBlockAddresses
                0x08004184       0xc4 cmake/stm32cubemx/CMakeFiles/STM32_Drivers.dir/__/__/Drivers/STM32G4xx_HAL_Driver/Src/stm32g4xx_hal_fdcan.c.obj
 .text.FDCAN_CopyMessageToRAM
                0x08004248       0xf8 cmake/stm32cubemx/CMakeFiles/STM32_Drivers.dir/__/__/Drivers/STM32G4xx_HAL_Driver/Src/stm32g4xx_hal_fdcan.c.obj
 .text.HAL_Init
                0x08004340       0x30 cmake/stm32cubemx/CMakeFiles/STM32_Drivers.dir/__/__/Drivers/STM32G4xx_HAL_Driver/Src/stm32g4xx_hal.c.obj
                0x08004340                HAL_Init
 .text.HAL_IncTick
                0x08004370       0x24 cmake/stm32cubemx/CMakeFiles/STM32_Drivers.dir/__/__/Drivers/STM32G4xx_HAL_Driver/Src/stm32g4xx_hal.c.obj
                0x08004370                HAL_IncTick
 .text.HAL_GetTick
                0x08004394       0x18 cmake/stm32cubemx/CMakeFiles/STM32_Drivers.dir/__/__/Drivers/STM32G4xx_HAL_Driver/Src/stm32g4xx_hal.c.obj
                0x08004394                HAL_GetTick
 .text.HAL_Delay
                0x080043ac       0x44 cmake/stm32cubemx/CMakeFiles/STM32_Drivers.dir/__/__/Drivers/STM32G4xx_HAL_Driver/Src/stm32g4xx_hal.c.obj
                0x080043ac                HAL_Delay
 .text.HAL_RCC_OscConfig
                0x080043f0      0x624 cmake/stm32cubemx/CMakeFiles/STM32_Drivers.dir/__/__/Drivers/STM32G4xx_HAL_Driver/Src/stm32g4xx_hal_rcc.c.obj
                0x080043f0                HAL_RCC_OscConfig
 .text.HAL_RCC_ClockConfig
                0x08004a14      0x278 cmake/stm32cubemx/CMakeFiles/STM32_Drivers.dir/__/__/Drivers/STM32G4xx_HAL_Driver/Src/stm32g4xx_hal_rcc.c.obj
                0x08004a14                HAL_RCC_ClockConfig
 .text.HAL_RCC_GetSysClockFreq
                0x08004c8c       0xc4 cmake/stm32cubemx/CMakeFiles/STM32_Drivers.dir/__/__/Drivers/STM32G4xx_HAL_Driver/Src/stm32g4xx_hal_rcc.c.obj
                0x08004c8c                HAL_RCC_GetSysClockFreq
 .text.HAL_RCC_GetHCLKFreq
                0x08004d50       0x18 cmake/stm32cubemx/CMakeFiles/STM32_Drivers.dir/__/__/Drivers/STM32G4xx_HAL_Driver/Src/stm32g4xx_hal_rcc.c.obj
                0x08004d50                HAL_RCC_GetHCLKFreq
 .text.HAL_RCC_GetPCLK1Freq
                0x08004d68       0x2c cmake/stm32cubemx/CMakeFiles/STM32_Drivers.dir/__/__/Drivers/STM32G4xx_HAL_Driver/Src/stm32g4xx_hal_rcc.c.obj
                0x08004d68                HAL_RCC_GetPCLK1Freq
 .text.HAL_RCC_GetPCLK2Freq
                0x08004d94       0x2c cmake/stm32cubemx/CMakeFiles/STM32_Drivers.dir/__/__/Drivers/STM32G4xx_HAL_Driver/Src/stm32g4xx_hal_rcc.c.obj
                0x08004d94                HAL_RCC_GetPCLK2Freq
 .text.HAL_RCC_GetClockConfig
                0x08004dc0       0x64 cmake/stm32cubemx/CMakeFiles/STM32_Drivers.dir/__/__/Drivers/STM32G4xx_HAL_Driver/Src/stm32g4xx_hal_rcc.c.obj
                0x08004dc0                HAL_RCC_GetClockConfig
 .text.RCC_GetSysClockFreqFromPLLSource
                0x08004e24       0x8c cmake/stm32cubemx/CMakeFiles/STM32_Drivers.dir/__/__/Drivers/STM32G4xx_HAL_Driver/Src/stm32g4xx_hal_rcc.c.obj
 .text.HAL_RCCEx_PeriphCLKConfig
                0x08004eb0      0x478 cmake/stm32cubemx/CMakeFiles/STM32_Drivers.dir/__/__/Drivers/STM32G4xx_HAL_Driver/Src/stm32g4xx_hal_rcc_ex.c.obj
                0x08004eb0                HAL_RCCEx_PeriphCLKConfig
 .text.HAL_GPIO_Init
                0x08005328      0x318 cmake/stm32cubemx/CMakeFiles/STM32_Drivers.dir/__/__/Drivers/STM32G4xx_HAL_Driver/Src/stm32g4xx_hal_gpio.c.obj
                0x08005328                HAL_GPIO_Init
 .text.HAL_GPIO_ReadPin
                0x08005640       0x30 cmake/stm32cubemx/CMakeFiles/STM32_Drivers.dir/__/__/Drivers/STM32G4xx_HAL_Driver/Src/stm32g4xx_hal_gpio.c.obj
                0x08005640                HAL_GPIO_ReadPin
 .text.HAL_GPIO_WritePin
                0x08005670       0x30 cmake/stm32cubemx/CMakeFiles/STM32_Drivers.dir/__/__/Drivers/STM32G4xx_HAL_Driver/Src/stm32g4xx_hal_gpio.c.obj
                0x08005670                HAL_GPIO_WritePin
 .text.HAL_GPIO_EXTI_IRQHandler
                0x080056a0       0x30 cmake/stm32cubemx/CMakeFiles/STM32_Drivers.dir/__/__/Drivers/STM32G4xx_HAL_Driver/Src/stm32g4xx_hal_gpio.c.obj
                0x080056a0                HAL_GPIO_EXTI_IRQHandler
 .text.HAL_DMA_Init
                0x080056d0      0x150 cmake/stm32cubemx/CMakeFiles/STM32_Drivers.dir/__/__/Drivers/STM32G4xx_HAL_Driver/Src/stm32g4xx_hal_dma.c.obj
                0x080056d0                HAL_DMA_Init
 .text.HAL_DMA_Start_IT
                0x08005820       0xf6 cmake/stm32cubemx/CMakeFiles/STM32_Drivers.dir/__/__/Drivers/STM32G4xx_HAL_Driver/Src/stm32g4xx_hal_dma.c.obj
                0x08005820                HAL_DMA_Start_IT
 .text.HAL_DMA_Abort
                0x08005916       0xbc cmake/stm32cubemx/CMakeFiles/STM32_Drivers.dir/__/__/Drivers/STM32G4xx_HAL_Driver/Src/stm32g4xx_hal_dma.c.obj
                0x08005916                HAL_DMA_Abort
 .text.HAL_DMA_Abort_IT
                0x080059d2       0xce cmake/stm32cubemx/CMakeFiles/STM32_Drivers.dir/__/__/Drivers/STM32G4xx_HAL_Driver/Src/stm32g4xx_hal_dma.c.obj
                0x080059d2                HAL_DMA_Abort_IT
 .text.HAL_DMA_IRQHandler
                0x08005aa0      0x15e cmake/stm32cubemx/CMakeFiles/STM32_Drivers.dir/__/__/Drivers/STM32G4xx_HAL_Driver/Src/stm32g4xx_hal_dma.c.obj
                0x08005aa0                HAL_DMA_IRQHandler
 .text.HAL_DMA_GetError
                0x08005bfe       0x18 cmake/stm32cubemx/CMakeFiles/STM32_Drivers.dir/__/__/Drivers/STM32G4xx_HAL_Driver/Src/stm32g4xx_hal_dma.c.obj
                0x08005bfe                HAL_DMA_GetError
 .text.DMA_SetConfig
                0x08005c16       0x7c cmake/stm32cubemx/CMakeFiles/STM32_Drivers.dir/__/__/Drivers/STM32G4xx_HAL_Driver/Src/stm32g4xx_hal_dma.c.obj
 *fill*         0x08005c92        0x2 
 .text.DMA_CalcDMAMUXChannelBaseAndMask
                0x08005c94       0x90 cmake/stm32cubemx/CMakeFiles/STM32_Drivers.dir/__/__/Drivers/STM32G4xx_HAL_Driver/Src/stm32g4xx_hal_dma.c.obj
 .text.DMA_CalcDMAMUXRequestGenBaseAndMask
                0x08005d24       0x4c cmake/stm32cubemx/CMakeFiles/STM32_Drivers.dir/__/__/Drivers/STM32G4xx_HAL_Driver/Src/stm32g4xx_hal_dma.c.obj
 .text.HAL_PWREx_ControlVoltageScaling
                0x08005d70      0x148 cmake/stm32cubemx/CMakeFiles/STM32_Drivers.dir/__/__/Drivers/STM32G4xx_HAL_Driver/Src/stm32g4xx_hal_pwr_ex.c.obj
                0x08005d70                HAL_PWREx_ControlVoltageScaling
 .text.HAL_PWREx_DisableUCPDDeadBattery
                0x08005eb8       0x20 cmake/stm32cubemx/CMakeFiles/STM32_Drivers.dir/__/__/Drivers/STM32G4xx_HAL_Driver/Src/stm32g4xx_hal_pwr_ex.c.obj
                0x08005eb8                HAL_PWREx_DisableUCPDDeadBattery
 .text.__NVIC_SetPriorityGrouping
                0x08005ed8       0x48 cmake/stm32cubemx/CMakeFiles/STM32_Drivers.dir/__/__/Drivers/STM32G4xx_HAL_Driver/Src/stm32g4xx_hal_cortex.c.obj
 .text.__NVIC_GetPriorityGrouping
                0x08005f20       0x1c cmake/stm32cubemx/CMakeFiles/STM32_Drivers.dir/__/__/Drivers/STM32G4xx_HAL_Driver/Src/stm32g4xx_hal_cortex.c.obj
 .text.__NVIC_EnableIRQ
                0x08005f3c       0x3c cmake/stm32cubemx/CMakeFiles/STM32_Drivers.dir/__/__/Drivers/STM32G4xx_HAL_Driver/Src/stm32g4xx_hal_cortex.c.obj
 .text.__NVIC_SetPriority
                0x08005f78       0x54 cmake/stm32cubemx/CMakeFiles/STM32_Drivers.dir/__/__/Drivers/STM32G4xx_HAL_Driver/Src/stm32g4xx_hal_cortex.c.obj
 .text.NVIC_EncodePriority
                0x08005fcc       0x66 cmake/stm32cubemx/CMakeFiles/STM32_Drivers.dir/__/__/Drivers/STM32G4xx_HAL_Driver/Src/stm32g4xx_hal_cortex.c.obj
 .text.HAL_NVIC_SetPriorityGrouping
                0x08006032       0x16 cmake/stm32cubemx/CMakeFiles/STM32_Drivers.dir/__/__/Drivers/STM32G4xx_HAL_Driver/Src/stm32g4xx_hal_cortex.c.obj
                0x08006032                HAL_NVIC_SetPriorityGrouping
 .text.HAL_NVIC_SetPriority
                0x08006048       0x34 cmake/stm32cubemx/CMakeFiles/STM32_Drivers.dir/__/__/Drivers/STM32G4xx_HAL_Driver/Src/stm32g4xx_hal_cortex.c.obj
                0x08006048                HAL_NVIC_SetPriority
 .text.HAL_NVIC_EnableIRQ
                0x0800607c       0x1c cmake/stm32cubemx/CMakeFiles/STM32_Drivers.dir/__/__/Drivers/STM32G4xx_HAL_Driver/Src/stm32g4xx_hal_cortex.c.obj
                0x0800607c                HAL_NVIC_EnableIRQ
 .text.HAL_UART_Init
                0x08006098       0xa0 cmake/stm32cubemx/CMakeFiles/STM32_Drivers.dir/__/__/Drivers/STM32G4xx_HAL_Driver/Src/stm32g4xx_hal_uart.c.obj
                0x08006098                HAL_UART_Init
 .text.HAL_UART_Transmit
                0x08006138      0x132 cmake/stm32cubemx/CMakeFiles/STM32_Drivers.dir/__/__/Drivers/STM32G4xx_HAL_Driver/Src/stm32g4xx_hal_uart.c.obj
                0x08006138                HAL_UART_Transmit
 *fill*         0x0800626a        0x2 
 .text.HAL_UART_Transmit_DMA
                0x0800626c      0x100 cmake/stm32cubemx/CMakeFiles/STM32_Drivers.dir/__/__/Drivers/STM32G4xx_HAL_Driver/Src/stm32g4xx_hal_uart.c.obj
                0x0800626c                HAL_UART_Transmit_DMA
 .text.HAL_UART_Receive_DMA
                0x0800636c       0x98 cmake/stm32cubemx/CMakeFiles/STM32_Drivers.dir/__/__/Drivers/STM32G4xx_HAL_Driver/Src/stm32g4xx_hal_uart.c.obj
                0x0800636c                HAL_UART_Receive_DMA
 .text.HAL_UART_DMAStop
                0x08006404      0x12c cmake/stm32cubemx/CMakeFiles/STM32_Drivers.dir/__/__/Drivers/STM32G4xx_HAL_Driver/Src/stm32g4xx_hal_uart.c.obj
                0x08006404                HAL_UART_DMAStop
 .text.HAL_UART_IRQHandler
                0x08006530      0x684 cmake/stm32cubemx/CMakeFiles/STM32_Drivers.dir/__/__/Drivers/STM32G4xx_HAL_Driver/Src/stm32g4xx_hal_uart.c.obj
                0x08006530                HAL_UART_IRQHandler
 .text.HAL_UART_TxCpltCallback
                0x08006bb4       0x14 cmake/stm32cubemx/CMakeFiles/STM32_Drivers.dir/__/__/Drivers/STM32G4xx_HAL_Driver/Src/stm32g4xx_hal_uart.c.obj
                0x08006bb4                HAL_UART_TxCpltCallback
 .text.HAL_UART_TxHalfCpltCallback
                0x08006bc8       0x14 cmake/stm32cubemx/CMakeFiles/STM32_Drivers.dir/__/__/Drivers/STM32G4xx_HAL_Driver/Src/stm32g4xx_hal_uart.c.obj
                0x08006bc8                HAL_UART_TxHalfCpltCallback
 .text.HAL_UART_RxCpltCallback
                0x08006bdc       0x14 cmake/stm32cubemx/CMakeFiles/STM32_Drivers.dir/__/__/Drivers/STM32G4xx_HAL_Driver/Src/stm32g4xx_hal_uart.c.obj
                0x08006bdc                HAL_UART_RxCpltCallback
 .text.HAL_UART_RxHalfCpltCallback
                0x08006bf0       0x14 cmake/stm32cubemx/CMakeFiles/STM32_Drivers.dir/__/__/Drivers/STM32G4xx_HAL_Driver/Src/stm32g4xx_hal_uart.c.obj
                0x08006bf0                HAL_UART_RxHalfCpltCallback
 .text.HAL_UART_ErrorCallback
                0x08006c04       0x14 cmake/stm32cubemx/CMakeFiles/STM32_Drivers.dir/__/__/Drivers/STM32G4xx_HAL_Driver/Src/stm32g4xx_hal_uart.c.obj
                0x08006c04                HAL_UART_ErrorCallback
 .text.HAL_UARTEx_RxEventCallback
                0x08006c18       0x18 cmake/stm32cubemx/CMakeFiles/STM32_Drivers.dir/__/__/Drivers/STM32G4xx_HAL_Driver/Src/stm32g4xx_hal_uart.c.obj
                0x08006c18                HAL_UARTEx_RxEventCallback
 .text.UART_SetConfig
                0x08006c30      0x5f8 cmake/stm32cubemx/CMakeFiles/STM32_Drivers.dir/__/__/Drivers/STM32G4xx_HAL_Driver/Src/stm32g4xx_hal_uart.c.obj
                0x08006c30                UART_SetConfig
 .text.UART_AdvFeatureConfig
                0x08007228      0x144 cmake/stm32cubemx/CMakeFiles/STM32_Drivers.dir/__/__/Drivers/STM32G4xx_HAL_Driver/Src/stm32g4xx_hal_uart.c.obj
                0x08007228                UART_AdvFeatureConfig
 .text.UART_CheckIdleState
                0x0800736c      0x154 cmake/stm32cubemx/CMakeFiles/STM32_Drivers.dir/__/__/Drivers/STM32G4xx_HAL_Driver/Src/stm32g4xx_hal_uart.c.obj
                0x0800736c                UART_CheckIdleState
 .text.UART_WaitOnFlagUntilTimeout
                0x080074c0       0xda cmake/stm32cubemx/CMakeFiles/STM32_Drivers.dir/__/__/Drivers/STM32G4xx_HAL_Driver/Src/stm32g4xx_hal_uart.c.obj
                0x080074c0                UART_WaitOnFlagUntilTimeout
 *fill*         0x0800759a        0x2 
 .text.UART_Start_Receive_DMA
                0x0800759c      0x14c cmake/stm32cubemx/CMakeFiles/STM32_Drivers.dir/__/__/Drivers/STM32G4xx_HAL_Driver/Src/stm32g4xx_hal_uart.c.obj
                0x0800759c                UART_Start_Receive_DMA
 .text.UART_EndTxTransfer
                0x080076e8       0x82 cmake/stm32cubemx/CMakeFiles/STM32_Drivers.dir/__/__/Drivers/STM32G4xx_HAL_Driver/Src/stm32g4xx_hal_uart.c.obj
 .text.UART_EndRxTransfer
                0x0800776a       0xcc cmake/stm32cubemx/CMakeFiles/STM32_Drivers.dir/__/__/Drivers/STM32G4xx_HAL_Driver/Src/stm32g4xx_hal_uart.c.obj
 .text.UART_DMATransmitCplt
                0x08007836       0x9a cmake/stm32cubemx/CMakeFiles/STM32_Drivers.dir/__/__/Drivers/STM32G4xx_HAL_Driver/Src/stm32g4xx_hal_uart.c.obj
 .text.UART_DMATxHalfCplt
                0x080078d0       0x1c cmake/stm32cubemx/CMakeFiles/STM32_Drivers.dir/__/__/Drivers/STM32G4xx_HAL_Driver/Src/stm32g4xx_hal_uart.c.obj
 .text.UART_DMAReceiveCplt
                0x080078ec      0x162 cmake/stm32cubemx/CMakeFiles/STM32_Drivers.dir/__/__/Drivers/STM32G4xx_HAL_Driver/Src/stm32g4xx_hal_uart.c.obj
 .text.UART_DMARxHalfCplt
                0x08007a4e       0x72 cmake/stm32cubemx/CMakeFiles/STM32_Drivers.dir/__/__/Drivers/STM32G4xx_HAL_Driver/Src/stm32g4xx_hal_uart.c.obj
 .text.UART_DMAError
                0x08007ac0       0x70 cmake/stm32cubemx/CMakeFiles/STM32_Drivers.dir/__/__/Drivers/STM32G4xx_HAL_Driver/Src/stm32g4xx_hal_uart.c.obj
 .text.UART_DMAAbortOnError
                0x08007b30       0x1c cmake/stm32cubemx/CMakeFiles/STM32_Drivers.dir/__/__/Drivers/STM32G4xx_HAL_Driver/Src/stm32g4xx_hal_uart.c.obj
 .text.UART_EndTransmit_IT
                0x08007b4c       0x56 cmake/stm32cubemx/CMakeFiles/STM32_Drivers.dir/__/__/Drivers/STM32G4xx_HAL_Driver/Src/stm32g4xx_hal_uart.c.obj
 .text.HAL_UARTEx_WakeupCallback
                0x08007ba2       0x14 cmake/stm32cubemx/CMakeFiles/STM32_Drivers.dir/__/__/Drivers/STM32G4xx_HAL_Driver/Src/stm32g4xx_hal_uart_ex.c.obj
                0x08007ba2                HAL_UARTEx_WakeupCallback
 .text.HAL_UARTEx_RxFifoFullCallback
                0x08007bb6       0x14 cmake/stm32cubemx/CMakeFiles/STM32_Drivers.dir/__/__/Drivers/STM32G4xx_HAL_Driver/Src/stm32g4xx_hal_uart_ex.c.obj
                0x08007bb6                HAL_UARTEx_RxFifoFullCallback
 .text.HAL_UARTEx_TxFifoEmptyCallback
                0x08007bca       0x14 cmake/stm32cubemx/CMakeFiles/STM32_Drivers.dir/__/__/Drivers/STM32G4xx_HAL_Driver/Src/stm32g4xx_hal_uart_ex.c.obj
                0x08007bca                HAL_UARTEx_TxFifoEmptyCallback
 .text.HAL_UARTEx_DisableFifoMode
                0x08007bde       0x72 cmake/stm32cubemx/CMakeFiles/STM32_Drivers.dir/__/__/Drivers/STM32G4xx_HAL_Driver/Src/stm32g4xx_hal_uart_ex.c.obj
                0x08007bde                HAL_UARTEx_DisableFifoMode
 .text.HAL_UARTEx_SetTxFifoThreshold
                0x08007c50       0x7c cmake/stm32cubemx/CMakeFiles/STM32_Drivers.dir/__/__/Drivers/STM32G4xx_HAL_Driver/Src/stm32g4xx_hal_uart_ex.c.obj
                0x08007c50                HAL_UARTEx_SetTxFifoThreshold
 .text.HAL_UARTEx_SetRxFifoThreshold
                0x08007ccc       0x7c cmake/stm32cubemx/CMakeFiles/STM32_Drivers.dir/__/__/Drivers/STM32G4xx_HAL_Driver/Src/stm32g4xx_hal_uart_ex.c.obj
                0x08007ccc                HAL_UARTEx_SetRxFifoThreshold
 .text.UARTEx_SetNbDataToProcess
                0x08007d48       0x9c cmake/stm32cubemx/CMakeFiles/STM32_Drivers.dir/__/__/Drivers/STM32G4xx_HAL_Driver/Src/stm32g4xx_hal_uart_ex.c.obj
 .text.vListInitialise
                0x08007de4       0x40 cmake/stm32cubemx/CMakeFiles/FreeRTOS.dir/__/__/Middlewares/Third_Party/FreeRTOS/Source/list.c.obj
                0x08007de4                vListInitialise
 .text.vListInitialiseItem
                0x08007e24       0x1a cmake/stm32cubemx/CMakeFiles/FreeRTOS.dir/__/__/Middlewares/Third_Party/FreeRTOS/Source/list.c.obj
                0x08007e24                vListInitialiseItem
 .text.vListInsertEnd
                0x08007e3e       0x48 cmake/stm32cubemx/CMakeFiles/FreeRTOS.dir/__/__/Middlewares/Third_Party/FreeRTOS/Source/list.c.obj
                0x08007e3e                vListInsertEnd
 .text.vListInsert
                0x08007e86       0x72 cmake/stm32cubemx/CMakeFiles/FreeRTOS.dir/__/__/Middlewares/Third_Party/FreeRTOS/Source/list.c.obj
                0x08007e86                vListInsert
 .text.uxListRemove
                0x08007ef8       0x54 cmake/stm32cubemx/CMakeFiles/FreeRTOS.dir/__/__/Middlewares/Third_Party/FreeRTOS/Source/list.c.obj
                0x08007ef8                uxListRemove
 .text.xQueueGenericReset
                0x08007f4c       0xd0 cmake/stm32cubemx/CMakeFiles/FreeRTOS.dir/__/__/Middlewares/Third_Party/FreeRTOS/Source/queue.c.obj
                0x08007f4c                xQueueGenericReset
 .text.xQueueGenericCreateStatic
                0x0800801c       0xf0 cmake/stm32cubemx/CMakeFiles/FreeRTOS.dir/__/__/Middlewares/Third_Party/FreeRTOS/Source/queue.c.obj
                0x0800801c                xQueueGenericCreateStatic
 .text.xQueueGenericCreate
                0x0800810c       0x74 cmake/stm32cubemx/CMakeFiles/FreeRTOS.dir/__/__/Middlewares/Third_Party/FreeRTOS/Source/queue.c.obj
                0x0800810c                xQueueGenericCreate
 .text.prvInitialiseNewQueue
                0x08008180       0x46 cmake/stm32cubemx/CMakeFiles/FreeRTOS.dir/__/__/Middlewares/Third_Party/FreeRTOS/Source/queue.c.obj
 .text.xQueueCreateCountingSemaphoreStatic
                0x080081c6       0x6e cmake/stm32cubemx/CMakeFiles/FreeRTOS.dir/__/__/Middlewares/Third_Party/FreeRTOS/Source/queue.c.obj
                0x080081c6                xQueueCreateCountingSemaphoreStatic
 .text.xQueueCreateCountingSemaphore
                0x08008234       0x66 cmake/stm32cubemx/CMakeFiles/FreeRTOS.dir/__/__/Middlewares/Third_Party/FreeRTOS/Source/queue.c.obj
                0x08008234                xQueueCreateCountingSemaphore
 *fill*         0x0800829a        0x2 
 .text.xQueueGenericSend
                0x0800829c      0x1fc cmake/stm32cubemx/CMakeFiles/FreeRTOS.dir/__/__/Middlewares/Third_Party/FreeRTOS/Source/queue.c.obj
                0x0800829c                xQueueGenericSend
 .text.xQueueGenericSendFromISR
                0x08008498      0x136 cmake/stm32cubemx/CMakeFiles/FreeRTOS.dir/__/__/Middlewares/Third_Party/FreeRTOS/Source/queue.c.obj
                0x08008498                xQueueGenericSendFromISR
 .text.xQueueGiveFromISR
                0x080085ce      0x11a cmake/stm32cubemx/CMakeFiles/FreeRTOS.dir/__/__/Middlewares/Third_Party/FreeRTOS/Source/queue.c.obj
                0x080085ce                xQueueGiveFromISR
 .text.xQueueReceive
                0x080086e8      0x1c0 cmake/stm32cubemx/CMakeFiles/FreeRTOS.dir/__/__/Middlewares/Third_Party/FreeRTOS/Source/queue.c.obj
                0x080086e8                xQueueReceive
 .text.xQueueSemaphoreTake
                0x080088a8      0x218 cmake/stm32cubemx/CMakeFiles/FreeRTOS.dir/__/__/Middlewares/Third_Party/FreeRTOS/Source/queue.c.obj
                0x080088a8                xQueueSemaphoreTake
 .text.xQueueReceiveFromISR
                0x08008ac0      0x100 cmake/stm32cubemx/CMakeFiles/FreeRTOS.dir/__/__/Middlewares/Third_Party/FreeRTOS/Source/queue.c.obj
                0x08008ac0                xQueueReceiveFromISR
 .text.vQueueDelete
                0x08008bc0       0x46 cmake/stm32cubemx/CMakeFiles/FreeRTOS.dir/__/__/Middlewares/Third_Party/FreeRTOS/Source/queue.c.obj
                0x08008bc0                vQueueDelete
 .text.prvGetDisinheritPriorityAfterTimeout
                0x08008c06       0x30 cmake/stm32cubemx/CMakeFiles/FreeRTOS.dir/__/__/Middlewares/Third_Party/FreeRTOS/Source/queue.c.obj
 .text.prvCopyDataToQueue
                0x08008c36       0xd4 cmake/stm32cubemx/CMakeFiles/FreeRTOS.dir/__/__/Middlewares/Third_Party/FreeRTOS/Source/queue.c.obj
 .text.prvCopyDataFromQueue
                0x08008d0a       0x4c cmake/stm32cubemx/CMakeFiles/FreeRTOS.dir/__/__/Middlewares/Third_Party/FreeRTOS/Source/queue.c.obj
 .text.prvUnlockQueue
                0x08008d56       0xa4 cmake/stm32cubemx/CMakeFiles/FreeRTOS.dir/__/__/Middlewares/Third_Party/FreeRTOS/Source/queue.c.obj
 .text.prvIsQueueEmpty
                0x08008dfa       0x2c cmake/stm32cubemx/CMakeFiles/FreeRTOS.dir/__/__/Middlewares/Third_Party/FreeRTOS/Source/queue.c.obj
 .text.prvIsQueueFull
                0x08008e26       0x30 cmake/stm32cubemx/CMakeFiles/FreeRTOS.dir/__/__/Middlewares/Third_Party/FreeRTOS/Source/queue.c.obj
 *fill*         0x08008e56        0x2 
 .text.vQueueAddToRegistry
                0x08008e58       0x54 cmake/stm32cubemx/CMakeFiles/FreeRTOS.dir/__/__/Middlewares/Third_Party/FreeRTOS/Source/queue.c.obj
                0x08008e58                vQueueAddToRegistry
 .text.vQueueUnregisterQueue
                0x08008eac       0x54 cmake/stm32cubemx/CMakeFiles/FreeRTOS.dir/__/__/Middlewares/Third_Party/FreeRTOS/Source/queue.c.obj
                0x08008eac                vQueueUnregisterQueue
 .text.vQueueWaitForMessageRestricted
                0x08008f00       0x68 cmake/stm32cubemx/CMakeFiles/FreeRTOS.dir/__/__/Middlewares/Third_Party/FreeRTOS/Source/queue.c.obj
                0x08008f00                vQueueWaitForMessageRestricted
 .text.xTaskCreateStatic
                0x08008f68       0xba cmake/stm32cubemx/CMakeFiles/FreeRTOS.dir/__/__/Middlewares/Third_Party/FreeRTOS/Source/tasks.c.obj
                0x08008f68                xTaskCreateStatic
 .text.xTaskCreate
                0x08009022       0x8a cmake/stm32cubemx/CMakeFiles/FreeRTOS.dir/__/__/Middlewares/Third_Party/FreeRTOS/Source/tasks.c.obj
                0x08009022                xTaskCreate
 .text.prvInitialiseNewTask
                0x080090ac      0x11e cmake/stm32cubemx/CMakeFiles/FreeRTOS.dir/__/__/Middlewares/Third_Party/FreeRTOS/Source/tasks.c.obj
 *fill*         0x080091ca        0x2 
 .text.prvAddNewTaskToReadyList
                0x080091cc       0xe0 cmake/stm32cubemx/CMakeFiles/FreeRTOS.dir/__/__/Middlewares/Third_Party/FreeRTOS/Source/tasks.c.obj
 .text.vTaskDelay
                0x080092ac       0x68 cmake/stm32cubemx/CMakeFiles/FreeRTOS.dir/__/__/Middlewares/Third_Party/FreeRTOS/Source/tasks.c.obj
                0x080092ac                vTaskDelay
 .text.vTaskSuspend
                0x08009314       0xec cmake/stm32cubemx/CMakeFiles/FreeRTOS.dir/__/__/Middlewares/Third_Party/FreeRTOS/Source/tasks.c.obj
                0x08009314                vTaskSuspend
 .text.vTaskStartScheduler
                0x08009400       0xcc cmake/stm32cubemx/CMakeFiles/FreeRTOS.dir/__/__/Middlewares/Third_Party/FreeRTOS/Source/tasks.c.obj
                0x08009400                vTaskStartScheduler
 .text.vTaskSuspendAll
                0x080094cc       0x1c cmake/stm32cubemx/CMakeFiles/FreeRTOS.dir/__/__/Middlewares/Third_Party/FreeRTOS/Source/tasks.c.obj
                0x080094cc                vTaskSuspendAll
 .text.xTaskResumeAll
                0x080094e8      0x13c cmake/stm32cubemx/CMakeFiles/FreeRTOS.dir/__/__/Middlewares/Third_Party/FreeRTOS/Source/tasks.c.obj
                0x080094e8                xTaskResumeAll
 .text.xTaskGetTickCount
                0x08009624       0x20 cmake/stm32cubemx/CMakeFiles/FreeRTOS.dir/__/__/Middlewares/Third_Party/FreeRTOS/Source/tasks.c.obj
                0x08009624                xTaskGetTickCount
 .text.xTaskIncrementTick
                0x08009644      0x174 cmake/stm32cubemx/CMakeFiles/FreeRTOS.dir/__/__/Middlewares/Third_Party/FreeRTOS/Source/tasks.c.obj
                0x08009644                xTaskIncrementTick
 .text.vTaskSwitchContext
                0x080097b8       0xbc cmake/stm32cubemx/CMakeFiles/FreeRTOS.dir/__/__/Middlewares/Third_Party/FreeRTOS/Source/tasks.c.obj
                0x080097b8                vTaskSwitchContext
 .text.vTaskPlaceOnEventList
                0x08009874       0x48 cmake/stm32cubemx/CMakeFiles/FreeRTOS.dir/__/__/Middlewares/Third_Party/FreeRTOS/Source/tasks.c.obj
                0x08009874                vTaskPlaceOnEventList
 .text.vTaskPlaceOnEventListRestricted
                0x080098bc       0x58 cmake/stm32cubemx/CMakeFiles/FreeRTOS.dir/__/__/Middlewares/Third_Party/FreeRTOS/Source/tasks.c.obj
                0x080098bc                vTaskPlaceOnEventListRestricted
 .text.xTaskRemoveFromEventList
                0x08009914       0xc8 cmake/stm32cubemx/CMakeFiles/FreeRTOS.dir/__/__/Middlewares/Third_Party/FreeRTOS/Source/tasks.c.obj
                0x08009914                xTaskRemoveFromEventList
 .text.vTaskInternalSetTimeOutState
                0x080099dc       0x2c cmake/stm32cubemx/CMakeFiles/FreeRTOS.dir/__/__/Middlewares/Third_Party/FreeRTOS/Source/tasks.c.obj
                0x080099dc                vTaskInternalSetTimeOutState
 .text.xTaskCheckForTimeOut
                0x08009a08       0xc4 cmake/stm32cubemx/CMakeFiles/FreeRTOS.dir/__/__/Middlewares/Third_Party/FreeRTOS/Source/tasks.c.obj
                0x08009a08                xTaskCheckForTimeOut
 .text.vTaskMissedYield
                0x08009acc       0x18 cmake/stm32cubemx/CMakeFiles/FreeRTOS.dir/__/__/Middlewares/Third_Party/FreeRTOS/Source/tasks.c.obj
                0x08009acc                vTaskMissedYield
 .text.prvIdleTask
                0x08009ae4       0x30 cmake/stm32cubemx/CMakeFiles/FreeRTOS.dir/__/__/Middlewares/Third_Party/FreeRTOS/Source/tasks.c.obj
 .text.prvInitialiseTaskLists
                0x08009b14       0x80 cmake/stm32cubemx/CMakeFiles/FreeRTOS.dir/__/__/Middlewares/Third_Party/FreeRTOS/Source/tasks.c.obj
 .text.prvCheckTasksWaitingTermination
                0x08009b94       0x5c cmake/stm32cubemx/CMakeFiles/FreeRTOS.dir/__/__/Middlewares/Third_Party/FreeRTOS/Source/tasks.c.obj
 .text.prvDeleteTCB
                0x08009bf0       0x5e cmake/stm32cubemx/CMakeFiles/FreeRTOS.dir/__/__/Middlewares/Third_Party/FreeRTOS/Source/tasks.c.obj
 *fill*         0x08009c4e        0x2 
 .text.prvResetNextTaskUnblockTime
                0x08009c50       0x40 cmake/stm32cubemx/CMakeFiles/FreeRTOS.dir/__/__/Middlewares/Third_Party/FreeRTOS/Source/tasks.c.obj
 .text.xTaskGetSchedulerState
                0x08009c90       0x3c cmake/stm32cubemx/CMakeFiles/FreeRTOS.dir/__/__/Middlewares/Third_Party/FreeRTOS/Source/tasks.c.obj
                0x08009c90                xTaskGetSchedulerState
 .text.xTaskPriorityInherit
                0x08009ccc       0xd0 cmake/stm32cubemx/CMakeFiles/FreeRTOS.dir/__/__/Middlewares/Third_Party/FreeRTOS/Source/tasks.c.obj
                0x08009ccc                xTaskPriorityInherit
 .text.xTaskPriorityDisinherit
                0x08009d9c       0xdc cmake/stm32cubemx/CMakeFiles/FreeRTOS.dir/__/__/Middlewares/Third_Party/FreeRTOS/Source/tasks.c.obj
                0x08009d9c                xTaskPriorityDisinherit
 .text.vTaskPriorityDisinheritAfterTimeout
                0x08009e78      0x104 cmake/stm32cubemx/CMakeFiles/FreeRTOS.dir/__/__/Middlewares/Third_Party/FreeRTOS/Source/tasks.c.obj
                0x08009e78                vTaskPriorityDisinheritAfterTimeout
 .text.pvTaskIncrementMutexHeldCount
                0x08009f7c       0x28 cmake/stm32cubemx/CMakeFiles/FreeRTOS.dir/__/__/Middlewares/Third_Party/FreeRTOS/Source/tasks.c.obj
                0x08009f7c                pvTaskIncrementMutexHeldCount
 .text.prvAddCurrentTaskToDelayedList
                0x08009fa4       0xa8 cmake/stm32cubemx/CMakeFiles/FreeRTOS.dir/__/__/Middlewares/Third_Party/FreeRTOS/Source/tasks.c.obj
 .text.xTimerCreateTimerTask
                0x0800a04c       0x90 cmake/stm32cubemx/CMakeFiles/FreeRTOS.dir/__/__/Middlewares/Third_Party/FreeRTOS/Source/timers.c.obj
                0x0800a04c                xTimerCreateTimerTask
 .text.xTimerGenericCommand
                0x0800a0dc       0x9c cmake/stm32cubemx/CMakeFiles/FreeRTOS.dir/__/__/Middlewares/Third_Party/FreeRTOS/Source/timers.c.obj
                0x0800a0dc                xTimerGenericCommand
 .text.prvProcessExpiredTimer
                0x0800a178       0x98 cmake/stm32cubemx/CMakeFiles/FreeRTOS.dir/__/__/Middlewares/Third_Party/FreeRTOS/Source/timers.c.obj
 .text.prvTimerTask
                0x0800a210       0x24 cmake/stm32cubemx/CMakeFiles/FreeRTOS.dir/__/__/Middlewares/Third_Party/FreeRTOS/Source/timers.c.obj
 .text.prvProcessTimerOrBlockTask
                0x0800a234       0x9c cmake/stm32cubemx/CMakeFiles/FreeRTOS.dir/__/__/Middlewares/Third_Party/FreeRTOS/Source/timers.c.obj
 .text.prvGetNextExpireTime
                0x0800a2d0       0x48 cmake/stm32cubemx/CMakeFiles/FreeRTOS.dir/__/__/Middlewares/Third_Party/FreeRTOS/Source/timers.c.obj
 .text.prvSampleTimeNow
                0x0800a318       0x40 cmake/stm32cubemx/CMakeFiles/FreeRTOS.dir/__/__/Middlewares/Third_Party/FreeRTOS/Source/timers.c.obj
 .text.prvInsertTimerInActiveList
                0x0800a358       0x84 cmake/stm32cubemx/CMakeFiles/FreeRTOS.dir/__/__/Middlewares/Third_Party/FreeRTOS/Source/timers.c.obj
 .text.prvProcessReceivedCommands
                0x0800a3dc      0x1c4 cmake/stm32cubemx/CMakeFiles/FreeRTOS.dir/__/__/Middlewares/Third_Party/FreeRTOS/Source/timers.c.obj
 .text.prvSwitchTimerLists
                0x0800a5a0       0xc8 cmake/stm32cubemx/CMakeFiles/FreeRTOS.dir/__/__/Middlewares/Third_Party/FreeRTOS/Source/timers.c.obj
 .text.prvCheckForValidListAndQueue
                0x0800a668       0x80 cmake/stm32cubemx/CMakeFiles/FreeRTOS.dir/__/__/Middlewares/Third_Party/FreeRTOS/Source/timers.c.obj
 .text.__NVIC_SetPriority
                0x0800a6e8       0x54 cmake/stm32cubemx/CMakeFiles/FreeRTOS.dir/__/__/Middlewares/Third_Party/FreeRTOS/Source/CMSIS_RTOS_V2/cmsis_os2.c.obj
 .text.SysTick_Handler
                0x0800a73c       0x20 cmake/stm32cubemx/CMakeFiles/FreeRTOS.dir/__/__/Middlewares/Third_Party/FreeRTOS/Source/CMSIS_RTOS_V2/cmsis_os2.c.obj
                0x0800a73c                SysTick_Handler
 .text.SVC_Setup
                0x0800a75c       0x12 cmake/stm32cubemx/CMakeFiles/FreeRTOS.dir/__/__/Middlewares/Third_Party/FreeRTOS/Source/CMSIS_RTOS_V2/cmsis_os2.c.obj
 *fill*         0x0800a76e        0x2 
 .text.osKernelInitialize
                0x0800a770       0x48 cmake/stm32cubemx/CMakeFiles/FreeRTOS.dir/__/__/Middlewares/Third_Party/FreeRTOS/Source/CMSIS_RTOS_V2/cmsis_os2.c.obj
                0x0800a770                osKernelInitialize
 .text.osKernelStart
                0x0800a7b8       0x4c cmake/stm32cubemx/CMakeFiles/FreeRTOS.dir/__/__/Middlewares/Third_Party/FreeRTOS/Source/CMSIS_RTOS_V2/cmsis_os2.c.obj
                0x0800a7b8                osKernelStart
 .text.osThreadNew
                0x0800a804      0x124 cmake/stm32cubemx/CMakeFiles/FreeRTOS.dir/__/__/Middlewares/Third_Party/FreeRTOS/Source/CMSIS_RTOS_V2/cmsis_os2.c.obj
                0x0800a804                osThreadNew
 .text.osThreadSuspend
                0x0800a928       0x42 cmake/stm32cubemx/CMakeFiles/FreeRTOS.dir/__/__/Middlewares/Third_Party/FreeRTOS/Source/CMSIS_RTOS_V2/cmsis_os2.c.obj
                0x0800a928                osThreadSuspend
 .text.osDelay  0x0800a96a       0x36 cmake/stm32cubemx/CMakeFiles/FreeRTOS.dir/__/__/Middlewares/Third_Party/FreeRTOS/Source/CMSIS_RTOS_V2/cmsis_os2.c.obj
                0x0800a96a                osDelay
 .text.osSemaphoreNew
                0x0800a9a0      0x112 cmake/stm32cubemx/CMakeFiles/FreeRTOS.dir/__/__/Middlewares/Third_Party/FreeRTOS/Source/CMSIS_RTOS_V2/cmsis_os2.c.obj
                0x0800a9a0                osSemaphoreNew
 *fill*         0x0800aab2        0x2 
 .text.osSemaphoreAcquire
                0x0800aab4       0xa4 cmake/stm32cubemx/CMakeFiles/FreeRTOS.dir/__/__/Middlewares/Third_Party/FreeRTOS/Source/CMSIS_RTOS_V2/cmsis_os2.c.obj
                0x0800aab4                osSemaphoreAcquire
 .text.osSemaphoreRelease
                0x0800ab58       0x88 cmake/stm32cubemx/CMakeFiles/FreeRTOS.dir/__/__/Middlewares/Third_Party/FreeRTOS/Source/CMSIS_RTOS_V2/cmsis_os2.c.obj
                0x0800ab58                osSemaphoreRelease
 .text.osMessageQueueNew
                0x0800abe0       0xe6 cmake/stm32cubemx/CMakeFiles/FreeRTOS.dir/__/__/Middlewares/Third_Party/FreeRTOS/Source/CMSIS_RTOS_V2/cmsis_os2.c.obj
                0x0800abe0                osMessageQueueNew
 *fill*         0x0800acc6        0x2 
 .text.vApplicationGetIdleTaskMemory
                0x0800acc8       0x34 cmake/stm32cubemx/CMakeFiles/FreeRTOS.dir/__/__/Middlewares/Third_Party/FreeRTOS/Source/CMSIS_RTOS_V2/cmsis_os2.c.obj
                0x0800acc8                vApplicationGetIdleTaskMemory
 .text.vApplicationGetTimerTaskMemory
                0x0800acfc       0x34 cmake/stm32cubemx/CMakeFiles/FreeRTOS.dir/__/__/Middlewares/Third_Party/FreeRTOS/Source/CMSIS_RTOS_V2/cmsis_os2.c.obj
                0x0800acfc                vApplicationGetTimerTaskMemory
 .text.pvPortMalloc
                0x0800ad30      0x198 cmake/stm32cubemx/CMakeFiles/FreeRTOS.dir/__/__/Middlewares/Third_Party/FreeRTOS/Source/portable/MemMang/heap_4.c.obj
                0x0800ad30                pvPortMalloc
 .text.vPortFree
                0x0800aec8       0xc4 cmake/stm32cubemx/CMakeFiles/FreeRTOS.dir/__/__/Middlewares/Third_Party/FreeRTOS/Source/portable/MemMang/heap_4.c.obj
                0x0800aec8                vPortFree
 .text.prvHeapInit
                0x0800af8c       0xc4 cmake/stm32cubemx/CMakeFiles/FreeRTOS.dir/__/__/Middlewares/Third_Party/FreeRTOS/Source/portable/MemMang/heap_4.c.obj
 .text.prvInsertBlockIntoFreeList
                0x0800b050       0xb4 cmake/stm32cubemx/CMakeFiles/FreeRTOS.dir/__/__/Middlewares/Third_Party/FreeRTOS/Source/portable/MemMang/heap_4.c.obj
 .text.pxPortInitialiseStack
                0x0800b104       0x68 cmake/stm32cubemx/CMakeFiles/FreeRTOS.dir/__/__/Middlewares/Third_Party/FreeRTOS/Source/portable/GCC/ARM_CM4F/port.c.obj
                0x0800b104                pxPortInitialiseStack
 .text.prvTaskExitError
                0x0800b16c       0x58 cmake/stm32cubemx/CMakeFiles/FreeRTOS.dir/__/__/Middlewares/Third_Party/FreeRTOS/Source/portable/GCC/ARM_CM4F/port.c.obj
 *fill*         0x0800b1c4        0xc 
 .text.SVC_Handler
                0x0800b1d0       0x28 cmake/stm32cubemx/CMakeFiles/FreeRTOS.dir/__/__/Middlewares/Third_Party/FreeRTOS/Source/portable/GCC/ARM_CM4F/port.c.obj
                0x0800b1d0                SVC_Handler
 .text.prvPortStartFirstTask
                0x0800b1f8       0x28 cmake/stm32cubemx/CMakeFiles/FreeRTOS.dir/__/__/Middlewares/Third_Party/FreeRTOS/Source/portable/GCC/ARM_CM4F/port.c.obj
 .text.xPortStartScheduler
                0x0800b220      0x144 cmake/stm32cubemx/CMakeFiles/FreeRTOS.dir/__/__/Middlewares/Third_Party/FreeRTOS/Source/portable/GCC/ARM_CM4F/port.c.obj
                0x0800b220                xPortStartScheduler
 .text.vPortEnterCritical
                0x0800b364       0x60 cmake/stm32cubemx/CMakeFiles/FreeRTOS.dir/__/__/Middlewares/Third_Party/FreeRTOS/Source/portable/GCC/ARM_CM4F/port.c.obj
                0x0800b364                vPortEnterCritical
 .text.vPortExitCritical
                0x0800b3c4       0x54 cmake/stm32cubemx/CMakeFiles/FreeRTOS.dir/__/__/Middlewares/Third_Party/FreeRTOS/Source/portable/GCC/ARM_CM4F/port.c.obj
                0x0800b3c4                vPortExitCritical
 *fill*         0x0800b418        0x8 
 .text.PendSV_Handler
                0x0800b420       0x68 cmake/stm32cubemx/CMakeFiles/FreeRTOS.dir/__/__/Middlewares/Third_Party/FreeRTOS/Source/portable/GCC/ARM_CM4F/port.c.obj
                0x0800b420                PendSV_Handler
 .text.xPortSysTickHandler
                0x0800b488       0x44 cmake/stm32cubemx/CMakeFiles/FreeRTOS.dir/__/__/Middlewares/Third_Party/FreeRTOS/Source/portable/GCC/ARM_CM4F/port.c.obj
                0x0800b488                xPortSysTickHandler
 .text.vPortSetupTimerInterrupt
                0x0800b4cc       0x48 cmake/stm32cubemx/CMakeFiles/FreeRTOS.dir/__/__/Middlewares/Third_Party/FreeRTOS/Source/portable/GCC/ARM_CM4F/port.c.obj
                0x0800b4cc                vPortSetupTimerInterrupt
 .text.vPortEnableVFP
                0x0800b514       0x14 cmake/stm32cubemx/CMakeFiles/FreeRTOS.dir/__/__/Middlewares/Third_Party/FreeRTOS/Source/portable/GCC/ARM_CM4F/port.c.obj
 .text.vPortValidateInterruptPriority
                0x0800b528       0x80 cmake/stm32cubemx/CMakeFiles/FreeRTOS.dir/__/__/Middlewares/Third_Party/FreeRTOS/Source/portable/GCC/ARM_CM4F/port.c.obj
                0x0800b528                vPortValidateInterruptPriority
 .text.__errno  0x0800b5a8        0xc c:/gcc-arm-none-eabi-10.3-2021.10/bin/../lib/gcc/arm-none-eabi/10.3.1/../../../../arm-none-eabi/lib/thumb/v7e-m+fp/hard\libg_nano.a(lib_a-errno.o)
                0x0800b5a8                __errno
 .text.__libc_init_array
                0x0800b5b4       0x48 c:/gcc-arm-none-eabi-10.3-2021.10/bin/../lib/gcc/arm-none-eabi/10.3.1/../../../../arm-none-eabi/lib/thumb/v7e-m+fp/hard\libg_nano.a(lib_a-init.o)
                0x0800b5b4                __libc_init_array
 .text.memcpy   0x0800b5fc       0x1c c:/gcc-arm-none-eabi-10.3-2021.10/bin/../lib/gcc/arm-none-eabi/10.3.1/../../../../arm-none-eabi/lib/thumb/v7e-m+fp/hard\libg_nano.a(lib_a-memcpy-stub.o)
                0x0800b5fc                memcpy
 .text.memset   0x0800b618       0x10 c:/gcc-arm-none-eabi-10.3-2021.10/bin/../lib/gcc/arm-none-eabi/10.3.1/../../../../arm-none-eabi/lib/thumb/v7e-m+fp/hard\libg_nano.a(lib_a-memset.o)
                0x0800b618                memset
 .text.snprintf
                0x0800b628       0x68 c:/gcc-arm-none-eabi-10.3-2021.10/bin/../lib/gcc/arm-none-eabi/10.3.1/../../../../arm-none-eabi/lib/thumb/v7e-m+fp/hard\libg_nano.a(lib_a-snprintf.o)
                0x0800b628                sniprintf
                0x0800b628                snprintf
 .text.strncat  0x0800b690       0x26 c:/gcc-arm-none-eabi-10.3-2021.10/bin/../lib/gcc/arm-none-eabi/10.3.1/../../../../arm-none-eabi/lib/thumb/v7e-m+fp/hard\libg_nano.a(lib_a-strncat.o)
                0x0800b690                strncat
 .text._vsnprintf_r
                0x0800b6b6       0x56 c:/gcc-arm-none-eabi-10.3-2021.10/bin/../lib/gcc/arm-none-eabi/10.3.1/../../../../arm-none-eabi/lib/thumb/v7e-m+fp/hard\libg_nano.a(lib_a-vsnprintf.o)
                0x0800b6b6                _vsniprintf_r
                0x0800b6b6                _vsnprintf_r
 .text.vsnprintf
                0x0800b70c       0x1c c:/gcc-arm-none-eabi-10.3-2021.10/bin/../lib/gcc/arm-none-eabi/10.3.1/../../../../arm-none-eabi/lib/thumb/v7e-m+fp/hard\libg_nano.a(lib_a-vsnprintf.o)
                0x0800b70c                vsniprintf
                0x0800b70c                vsnprintf
 .text.__ssputs_r
                0x0800b728       0xb6 c:/gcc-arm-none-eabi-10.3-2021.10/bin/../lib/gcc/arm-none-eabi/10.3.1/../../../../arm-none-eabi/lib/thumb/v7e-m+fp/hard\libg_nano.a(lib_a-nano-svfprintf.o)
                0x0800b728                __ssputs_r
 *fill*         0x0800b7de        0x2 
 .text._svfprintf_r
                0x0800b7e0      0x200 c:/gcc-arm-none-eabi-10.3-2021.10/bin/../lib/gcc/arm-none-eabi/10.3.1/../../../../arm-none-eabi/lib/thumb/v7e-m+fp/hard\libg_nano.a(lib_a-nano-svfprintf.o)
                0x0800b7e0                _svfiprintf_r
                0x0800b7e0                _svfprintf_r
 .text._printf_common
                0x0800b9e0       0xda c:/gcc-arm-none-eabi-10.3-2021.10/bin/../lib/gcc/arm-none-eabi/10.3.1/../../../../arm-none-eabi/lib/thumb/v7e-m+fp/hard\libg_nano.a(lib_a-nano-vfprintf_i.o)
                0x0800b9e0                _printf_common
 *fill*         0x0800baba        0x2 
 .text._printf_i
                0x0800babc      0x24c c:/gcc-arm-none-eabi-10.3-2021.10/bin/../lib/gcc/arm-none-eabi/10.3.1/../../../../arm-none-eabi/lib/thumb/v7e-m+fp/hard\libg_nano.a(lib_a-nano-vfprintf_i.o)
                0x0800babc                _printf_i
 .text.memmove  0x0800bd08       0x34 c:/gcc-arm-none-eabi-10.3-2021.10/bin/../lib/gcc/arm-none-eabi/10.3.1/../../../../arm-none-eabi/lib/thumb/v7e-m+fp/hard\libg_nano.a(lib_a-memmove.o)
                0x0800bd08                memmove
 .text._free_r  0x0800bd3c       0x98 c:/gcc-arm-none-eabi-10.3-2021.10/bin/../lib/gcc/arm-none-eabi/10.3.1/../../../../arm-none-eabi/lib/thumb/v7e-m+fp/hard\libg_nano.a(lib_a-nano-freer.o)
                0x0800bd3c                _free_r
 .text.sbrk_aligned
                0x0800bdd4       0x40 c:/gcc-arm-none-eabi-10.3-2021.10/bin/../lib/gcc/arm-none-eabi/10.3.1/../../../../arm-none-eabi/lib/thumb/v7e-m+fp/hard\libg_nano.a(lib_a-nano-mallocr.o)
 .text._malloc_r
                0x0800be14       0xe8 c:/gcc-arm-none-eabi-10.3-2021.10/bin/../lib/gcc/arm-none-eabi/10.3.1/../../../../arm-none-eabi/lib/thumb/v7e-m+fp/hard\libg_nano.a(lib_a-nano-mallocr.o)
                0x0800be14                _malloc_r
 .text._realloc_r
                0x0800befc       0x5e c:/gcc-arm-none-eabi-10.3-2021.10/bin/../lib/gcc/arm-none-eabi/10.3.1/../../../../arm-none-eabi/lib/thumb/v7e-m+fp/hard\libg_nano.a(lib_a-nano-reallocr.o)
                0x0800befc                _realloc_r
 *fill*         0x0800bf5a        0x2 
 .text._sbrk_r  0x0800bf5c       0x20 c:/gcc-arm-none-eabi-10.3-2021.10/bin/../lib/gcc/arm-none-eabi/10.3.1/../../../../arm-none-eabi/lib/thumb/v7e-m+fp/hard\libg_nano.a(lib_a-sbrkr.o)
                0x0800bf5c                _sbrk_r
 .text.__malloc_lock
                0x0800bf7c        0xc c:/gcc-arm-none-eabi-10.3-2021.10/bin/../lib/gcc/arm-none-eabi/10.3.1/../../../../arm-none-eabi/lib/thumb/v7e-m+fp/hard\libg_nano.a(lib_a-mlock.o)
                0x0800bf7c                __malloc_lock
 .text.__malloc_unlock
                0x0800bf88        0xc c:/gcc-arm-none-eabi-10.3-2021.10/bin/../lib/gcc/arm-none-eabi/10.3.1/../../../../arm-none-eabi/lib/thumb/v7e-m+fp/hard\libg_nano.a(lib_a-mlock.o)
                0x0800bf88                __malloc_unlock
 .text._malloc_usable_size_r
                0x0800bf94       0x10 c:/gcc-arm-none-eabi-10.3-2021.10/bin/../lib/gcc/arm-none-eabi/10.3.1/../../../../arm-none-eabi/lib/thumb/v7e-m+fp/hard\libg_nano.a(lib_a-nano-msizer.o)
                0x0800bf94                _malloc_usable_size_r
 .text.__retarget_lock_acquire_recursive
                0x0800bfa4        0x2 c:/gcc-arm-none-eabi-10.3-2021.10/bin/../lib/gcc/arm-none-eabi/10.3.1/../../../../arm-none-eabi/lib/thumb/v7e-m+fp/hard\libg_nano.a(lib_a-lock.o)
                0x0800bfa4                __retarget_lock_acquire_recursive
 .text.__retarget_lock_release_recursive
                0x0800bfa6        0x2 c:/gcc-arm-none-eabi-10.3-2021.10/bin/../lib/gcc/arm-none-eabi/10.3.1/../../../../arm-none-eabi/lib/thumb/v7e-m+fp/hard\libg_nano.a(lib_a-lock.o)
                0x0800bfa6                __retarget_lock_release_recursive
 *(.glue_7)
 .glue_7        0x0800bfa8        0x0 linker stubs
 *(.glue_7t)
 .glue_7t       0x0800bfa8        0x0 linker stubs
 *(.eh_frame)
 .eh_frame      0x0800bfa8        0x0 c:/gcc-arm-none-eabi-10.3-2021.10/bin/../lib/gcc/arm-none-eabi/10.3.1/thumb/v7e-m+fp/hard/crtbegin.o
 *(.init)
 .init          0x0800bfa8        0x4 c:/gcc-arm-none-eabi-10.3-2021.10/bin/../lib/gcc/arm-none-eabi/10.3.1/thumb/v7e-m+fp/hard/crti.o
                0x0800bfa8                _init
 .init          0x0800bfac        0x8 c:/gcc-arm-none-eabi-10.3-2021.10/bin/../lib/gcc/arm-none-eabi/10.3.1/thumb/v7e-m+fp/hard/crtn.o
 *(.fini)
 .fini          0x0800bfb4        0x4 c:/gcc-arm-none-eabi-10.3-2021.10/bin/../lib/gcc/arm-none-eabi/10.3.1/thumb/v7e-m+fp/hard/crti.o
                0x0800bfb4                _fini
 .fini          0x0800bfb8        0x8 c:/gcc-arm-none-eabi-10.3-2021.10/bin/../lib/gcc/arm-none-eabi/10.3.1/thumb/v7e-m+fp/hard/crtn.o
                0x0800bfc0                . = ALIGN (0x4)
                0x0800bfc0                _etext = .

.vfp11_veneer   0x0800bfc0        0x0
 .vfp11_veneer  0x0800bfc0        0x0 linker stubs

.v4_bx          0x0800bfc0        0x0
 .v4_bx         0x0800bfc0        0x0 linker stubs

.iplt           0x0800bfc0        0x0
 .iplt          0x0800bfc0        0x0 c:/gcc-arm-none-eabi-10.3-2021.10/bin/../lib/gcc/arm-none-eabi/10.3.1/thumb/v7e-m+fp/hard/crtbegin.o

.rodata         0x0800bfc0      0xa34
                0x0800bfc0                . = ALIGN (0x4)
 *(.rodata)
 .rodata        0x0800bfc0       0x53 CMakeFiles/smart_battery.dir/Core/Src/app_freertos.c.obj
 *fill*         0x0800c013        0x1 
 .rodata        0x0800c014       0xe8 CMakeFiles/smart_battery.dir/APP/app.c.obj
 .rodata        0x0800c0fc      0x11a CMakeFiles/smart_battery.dir/fh_log/fh_log.c.obj
 *fill*         0x0800c216        0x2 
 .rodata        0x0800c218      0x584 CMakeFiles/smart_battery.dir/messages/message.c.obj
 .rodata        0x0800c79c       0x89 CMakeFiles/smart_battery.dir/Switch/switch.c.obj
 *fill*         0x0800c825        0x3 
 .rodata        0x0800c828        0x5 cmake/stm32cubemx/CMakeFiles/FreeRTOS.dir/__/__/Middlewares/Third_Party/FreeRTOS/Source/tasks.c.obj
 *fill*         0x0800c82d        0x3 
 .rodata        0x0800c830        0xd cmake/stm32cubemx/CMakeFiles/FreeRTOS.dir/__/__/Middlewares/Third_Party/FreeRTOS/Source/timers.c.obj
 *(.rodata*)
 *fill*         0x0800c83d        0x3 
 .rodata.PowerSwitch_attributes
                0x0800c840       0x24 CMakeFiles/smart_battery.dir/Core/Src/app_freertos.c.obj
                0x0800c840                PowerSwitch_attributes
 .rodata.SensorRead_attributes
                0x0800c864       0x24 CMakeFiles/smart_battery.dir/Core/Src/app_freertos.c.obj
                0x0800c864                SensorRead_attributes
 .rodata.DataReport_attributes
                0x0800c888       0x24 CMakeFiles/smart_battery.dir/Core/Src/app_freertos.c.obj
                0x0800c888                DataReport_attributes
 .rodata.IOUT_CHECK_attributes
                0x0800c8ac       0x24 CMakeFiles/smart_battery.dir/Core/Src/app_freertos.c.obj
                0x0800c8ac                IOUT_CHECK_attributes
 .rodata.LED_attributes
                0x0800c8d0       0x24 CMakeFiles/smart_battery.dir/Core/Src/app_freertos.c.obj
                0x0800c8d0                LED_attributes
 .rodata.bms_send_buf_attributes
                0x0800c8f4       0x18 CMakeFiles/smart_battery.dir/Core/Src/app_freertos.c.obj
                0x0800c8f4                bms_send_buf_attributes
 .rodata.PWR_KEY_attributes
                0x0800c90c       0x10 CMakeFiles/smart_battery.dir/Core/Src/app_freertos.c.obj
                0x0800c90c                PWR_KEY_attributes
 .rodata.BMS_RX_attributes
                0x0800c91c       0x10 CMakeFiles/smart_battery.dir/Core/Src/app_freertos.c.obj
                0x0800c91c                BMS_RX_attributes
 .rodata.__func__.1
                0x0800c92c        0x9 CMakeFiles/smart_battery.dir/APP/app.c.obj
 *fill*         0x0800c935        0x3 
 .rodata.__func__.0
                0x0800c938       0x14 CMakeFiles/smart_battery.dir/APP/app.c.obj
 .rodata.__func__.0
                0x0800c94c        0x9 CMakeFiles/smart_battery.dir/fh_log/fh_log.c.obj
 *fill*         0x0800c955        0x3 
 .rodata.__func__.0
                0x0800c958       0x10 CMakeFiles/smart_battery.dir/messages/message.c.obj
 .rodata.__func__.0
                0x0800c968        0x8 CMakeFiles/smart_battery.dir/Switch/switch.c.obj
 .rodata.AHBPrescTable
                0x0800c970       0x10 cmake/stm32cubemx/CMakeFiles/STM32_Drivers.dir/__/__/Core/Src/system_stm32g4xx.c.obj
                0x0800c970                AHBPrescTable
 .rodata.APBPrescTable
                0x0800c980        0x8 cmake/stm32cubemx/CMakeFiles/STM32_Drivers.dir/__/__/Core/Src/system_stm32g4xx.c.obj
                0x0800c980                APBPrescTable
 .rodata.DLCtoBytes
                0x0800c988       0x10 cmake/stm32cubemx/CMakeFiles/STM32_Drivers.dir/__/__/Drivers/STM32G4xx_HAL_Driver/Src/stm32g4xx_hal_fdcan.c.obj
 .rodata.UARTPrescTable
                0x0800c998       0x18 cmake/stm32cubemx/CMakeFiles/STM32_Drivers.dir/__/__/Drivers/STM32G4xx_HAL_Driver/Src/stm32g4xx_hal_uart.c.obj
                0x0800c998                UARTPrescTable
 .rodata.numerator.1
                0x0800c9b0        0x8 cmake/stm32cubemx/CMakeFiles/STM32_Drivers.dir/__/__/Drivers/STM32G4xx_HAL_Driver/Src/stm32g4xx_hal_uart_ex.c.obj
 .rodata.denominator.0
                0x0800c9b8        0x8 cmake/stm32cubemx/CMakeFiles/STM32_Drivers.dir/__/__/Drivers/STM32G4xx_HAL_Driver/Src/stm32g4xx_hal_uart_ex.c.obj
 .rodata._svfprintf_r.str1.1
                0x0800c9c0       0x11 c:/gcc-arm-none-eabi-10.3-2021.10/bin/../lib/gcc/arm-none-eabi/10.3.1/../../../../arm-none-eabi/lib/thumb/v7e-m+fp/hard\libg_nano.a(lib_a-nano-svfprintf.o)
 .rodata._printf_i.str1.1
                0x0800c9d1       0x22 c:/gcc-arm-none-eabi-10.3-2021.10/bin/../lib/gcc/arm-none-eabi/10.3.1/../../../../arm-none-eabi/lib/thumb/v7e-m+fp/hard\libg_nano.a(lib_a-nano-vfprintf_i.o)
                0x0800c9f4                . = ALIGN (0x4)
 *fill*         0x0800c9f3        0x1 

.ARM.extab      0x0800c9f4        0x0
                0x0800c9f4                . = ALIGN (0x4)
 *(.ARM.extab* .gnu.linkonce.armextab.*)
                0x0800c9f4                . = ALIGN (0x4)

.ARM            0x0800c9f4        0x8
                0x0800c9f4                . = ALIGN (0x4)
                0x0800c9f4                __exidx_start = .
 *(.ARM.exidx*)
 .ARM.exidx     0x0800c9f4        0x8 c:/gcc-arm-none-eabi-10.3-2021.10/bin/../lib/gcc/arm-none-eabi/10.3.1/thumb/v7e-m+fp/hard\libgcc.a(_udivmoddi4.o)
                0x0800c9fc                __exidx_end = .
                0x0800c9fc                . = ALIGN (0x4)

.rel.dyn        0x0800c9fc        0x0
 .rel.iplt      0x0800c9fc        0x0 c:/gcc-arm-none-eabi-10.3-2021.10/bin/../lib/gcc/arm-none-eabi/10.3.1/thumb/v7e-m+fp/hard/crtbegin.o

.preinit_array  0x0800c9fc        0x0
                0x0800c9fc                . = ALIGN (0x4)
                0x0800c9fc                PROVIDE (__preinit_array_start = .)
 *(.preinit_array*)
                0x0800c9fc                PROVIDE (__preinit_array_end = .)
                0x0800c9fc                . = ALIGN (0x4)

.init_array     0x0800c9fc        0x4
                0x0800c9fc                . = ALIGN (0x4)
                0x0800c9fc                PROVIDE (__init_array_start = .)
 *(SORT_BY_NAME(.init_array.*))
 *(.init_array*)
 .init_array    0x0800c9fc        0x4 c:/gcc-arm-none-eabi-10.3-2021.10/bin/../lib/gcc/arm-none-eabi/10.3.1/thumb/v7e-m+fp/hard/crtbegin.o
                0x0800ca00                PROVIDE (__init_array_end = .)
                0x0800ca00                . = ALIGN (0x4)

.fini_array     0x0800ca00        0x4
                0x0800ca00                . = ALIGN (0x4)
                [!provide]                PROVIDE (__fini_array_start = .)
 *(SORT_BY_NAME(.fini_array.*))
 *(.fini_array*)
 .fini_array    0x0800ca00        0x4 c:/gcc-arm-none-eabi-10.3-2021.10/bin/../lib/gcc/arm-none-eabi/10.3.1/thumb/v7e-m+fp/hard/crtbegin.o
                [!provide]                PROVIDE (__fini_array_end = .)
                0x0800ca04                . = ALIGN (0x4)
                0x0800ca04                _sidata = LOADADDR (.data)

.data           0x20000000       0x78 load address 0x0800ca04
                0x20000000                . = ALIGN (0x4)
                0x20000000                _sdata = .
 *(.data)
 *(.data*)
 .data.CAN_ID   0x20000000        0x4 CMakeFiles/smart_battery.dir/messages/message.c.obj
                0x20000000                CAN_ID
 .data.SystemCoreClock
                0x20000004        0x4 cmake/stm32cubemx/CMakeFiles/STM32_Drivers.dir/__/__/Core/Src/system_stm32g4xx.c.obj
                0x20000004                SystemCoreClock
 .data.uwTickPrio
                0x20000008        0x4 cmake/stm32cubemx/CMakeFiles/STM32_Drivers.dir/__/__/Drivers/STM32G4xx_HAL_Driver/Src/stm32g4xx_hal.c.obj
                0x20000008                uwTickPrio
 .data.uwTickFreq
                0x2000000c        0x4 cmake/stm32cubemx/CMakeFiles/STM32_Drivers.dir/__/__/Drivers/STM32G4xx_HAL_Driver/Src/stm32g4xx_hal.c.obj
                0x2000000c                uwTickFreq
 .data.uxCriticalNesting
                0x20000010        0x4 cmake/stm32cubemx/CMakeFiles/FreeRTOS.dir/__/__/Middlewares/Third_Party/FreeRTOS/Source/portable/GCC/ARM_CM4F/port.c.obj
 .data._impure_ptr
                0x20000014        0x4 c:/gcc-arm-none-eabi-10.3-2021.10/bin/../lib/gcc/arm-none-eabi/10.3.1/../../../../arm-none-eabi/lib/thumb/v7e-m+fp/hard\libg_nano.a(lib_a-impure.o)
                0x20000014                _impure_ptr
 .data.impure_data
                0x20000018       0x60 c:/gcc-arm-none-eabi-10.3-2021.10/bin/../lib/gcc/arm-none-eabi/10.3.1/../../../../arm-none-eabi/lib/thumb/v7e-m+fp/hard\libg_nano.a(lib_a-impure.o)
 *(.RamFunc)
 *(.RamFunc*)
                0x20000078                . = ALIGN (0x4)

.igot.plt       0x20000078        0x0 load address 0x0800ca7c
 .igot.plt      0x20000078        0x0 c:/gcc-arm-none-eabi-10.3-2021.10/bin/../lib/gcc/arm-none-eabi/10.3.1/thumb/v7e-m+fp/hard/crtbegin.o

.tdata          0x20000078        0x0 load address 0x0800ca7c
 *(.tdata .tdata.* .gnu.linkonce.td.*)
                0x20000078                . = ALIGN (0x4)
                0x20000078                _edata = .
                [!provide]                PROVIDE (__data_end = .)
                [!provide]                PROVIDE (__tdata_end = .)
                [!provide]                PROVIDE (__tdata_start = ADDR (.tdata))
                [!provide]                PROVIDE (__tdata_size = (__tdata_end - __tdata_start))
                [!provide]                PROVIDE (__data_start = ADDR (.data))
                [!provide]                PROVIDE (__data_size = (__data_end - __data_start))
                [!provide]                PROVIDE (__tdata_source = LOADADDR (.tdata))
                [!provide]                PROVIDE (__tdata_source_end = (LOADADDR (.tdata) + SIZEOF (.tdata)))
                [!provide]                PROVIDE (__tdata_source_size = (__tdata_source_end - __tdata_source))
                [!provide]                PROVIDE (__data_source = LOADADDR (.data))
                [!provide]                PROVIDE (__data_source_end = __tdata_source_end)
                [!provide]                PROVIDE (__data_source_size = (__data_source_end - __data_source))

.tbss           0x20000078        0x0 load address 0x0800ca7c
                0x20000078                _sbss = .
                0x20000078                __bss_start__ = _sbss
 *(.tbss .tbss.*)
                0x20000078                . = ALIGN (0x4)
                [!provide]                PROVIDE (__tbss_end = .)
                [!provide]                PROVIDE (__tbss_start = ADDR (.tbss))
                [!provide]                PROVIDE (__tbss_size = (__tbss_end - __tbss_start))
                [!provide]                PROVIDE (__tbss_offset = (ADDR (.tbss) - ADDR (.tdata)))
                [!provide]                PROVIDE (__tls_base = __tdata_start)
                [!provide]                PROVIDE (__tls_end = __tbss_end)
                [!provide]                PROVIDE (__tls_size = (__tls_end - __tls_base))
                [!provide]                PROVIDE (__tls_align = MAX (ALIGNOF (.tdata), ALIGNOF (.tbss)))
                [!provide]                PROVIDE (__tls_size_align = (((__tls_size + __tls_align) - 0x1) & ~ ((__tls_align - 0x1))))
                [!provide]                PROVIDE (__arm32_tls_tcb_offset = MAX (0x8, __tls_align))
                [!provide]                PROVIDE (__arm64_tls_tcb_offset = MAX (0x10, __tls_align))

.bss            0x20000078    0x1115c load address 0x0800ca7c
 *(.bss)
 .bss           0x20000078       0x1c c:/gcc-arm-none-eabi-10.3-2021.10/bin/../lib/gcc/arm-none-eabi/10.3.1/thumb/v7e-m+fp/hard/crtbegin.o
 *(.bss*)
 .bss.PowerSwitchHandle
                0x20000094        0x4 CMakeFiles/smart_battery.dir/Core/Src/app_freertos.c.obj
                0x20000094                PowerSwitchHandle
 .bss.SensorReadHandle
                0x20000098        0x4 CMakeFiles/smart_battery.dir/Core/Src/app_freertos.c.obj
                0x20000098                SensorReadHandle
 .bss.DataReportHandle
                0x2000009c        0x4 CMakeFiles/smart_battery.dir/Core/Src/app_freertos.c.obj
                0x2000009c                DataReportHandle
 .bss.IOUT_CHECKHandle
                0x200000a0        0x4 CMakeFiles/smart_battery.dir/Core/Src/app_freertos.c.obj
                0x200000a0                IOUT_CHECKHandle
 .bss.LEDHandle
                0x200000a4        0x4 CMakeFiles/smart_battery.dir/Core/Src/app_freertos.c.obj
                0x200000a4                LEDHandle
 .bss.bms_send_bufHandle
                0x200000a8        0x4 CMakeFiles/smart_battery.dir/Core/Src/app_freertos.c.obj
                0x200000a8                bms_send_bufHandle
 .bss.PWR_KEYHandle
                0x200000ac        0x4 CMakeFiles/smart_battery.dir/Core/Src/app_freertos.c.obj
                0x200000ac                PWR_KEYHandle
 .bss.BMS_RXHandle
                0x200000b0        0x4 CMakeFiles/smart_battery.dir/Core/Src/app_freertos.c.obj
                0x200000b0                BMS_RXHandle
 .bss.hfdcan1   0x200000b4       0x64 CMakeFiles/smart_battery.dir/Core/Src/fdcan.c.obj
                0x200000b4                hfdcan1
 .bss.huart1    0x20000118       0x94 CMakeFiles/smart_battery.dir/Core/Src/usart.c.obj
                0x20000118                huart1
 .bss.huart2    0x200001ac       0x94 CMakeFiles/smart_battery.dir/Core/Src/usart.c.obj
                0x200001ac                huart2
 .bss.hdma_usart2_rx
                0x20000240       0x60 CMakeFiles/smart_battery.dir/Core/Src/usart.c.obj
                0x20000240                hdma_usart2_rx
 .bss.hdma_usart2_tx
                0x200002a0       0x60 CMakeFiles/smart_battery.dir/Core/Src/usart.c.obj
                0x200002a0                hdma_usart2_tx
 .bss.htim7     0x20000300       0x4c CMakeFiles/smart_battery.dir/Core/Src/stm32g4xx_hal_timebase_tim.c.obj
                0x20000300                htim7
 .bss.__sbrk_heap_end
                0x2000034c        0x4 CMakeFiles/smart_battery.dir/Core/Src/sysmem.c.obj
 .bss.bms_tx_buffer
                0x20000350       0x20 CMakeFiles/smart_battery.dir/APP/app.c.obj
                0x20000350                bms_tx_buffer
 .bss.bms_tx_len
                0x20000370        0x2 CMakeFiles/smart_battery.dir/APP/app.c.obj
                0x20000370                bms_tx_len
 *fill*         0x20000372        0x2 
 .bss.log_output
                0x20000374        0x4 CMakeFiles/smart_battery.dir/fh_log/fh_log.c.obj
 .bss.log_get_time
                0x20000378        0x4 CMakeFiles/smart_battery.dir/fh_log/fh_log.c.obj
 .bss.bms_basicinfo
                0x2000037c       0x2c CMakeFiles/smart_battery.dir/messages/message.c.obj
                0x2000037c                bms_basicinfo
 .bss.bms_cellvoltage
                0x200003a8       0x42 CMakeFiles/smart_battery.dir/messages/message.c.obj
                0x200003a8                bms_cellvoltage
 *fill*         0x200003ea        0x2 
 .bss.bms_rx_buffer
                0x200003ec       0x80 CMakeFiles/smart_battery.dir/messages/message.c.obj
                0x200003ec                bms_rx_buffer
 .bss.bms_rx_len
                0x2000046c        0x2 CMakeFiles/smart_battery.dir/messages/message.c.obj
                0x2000046c                bms_rx_len
 .bss.led_show_type
                0x2000046e        0x1 CMakeFiles/smart_battery.dir/Switch/switch.c.obj
                0x2000046e                led_show_type
 .bss.power_mode
                0x2000046f        0x1 CMakeFiles/smart_battery.dir/Switch/switch.c.obj
                0x2000046f                power_mode
 .bss.uwTick    0x20000470        0x4 cmake/stm32cubemx/CMakeFiles/STM32_Drivers.dir/__/__/Drivers/STM32G4xx_HAL_Driver/Src/stm32g4xx_hal.c.obj
                0x20000470                uwTick
 .bss.xQueueRegistry
                0x20000474       0x40 cmake/stm32cubemx/CMakeFiles/FreeRTOS.dir/__/__/Middlewares/Third_Party/FreeRTOS/Source/queue.c.obj
                0x20000474                xQueueRegistry
 .bss.pxCurrentTCB
                0x200004b4        0x4 cmake/stm32cubemx/CMakeFiles/FreeRTOS.dir/__/__/Middlewares/Third_Party/FreeRTOS/Source/tasks.c.obj
                0x200004b4                pxCurrentTCB
 .bss.pxReadyTasksLists
                0x200004b8      0x460 cmake/stm32cubemx/CMakeFiles/FreeRTOS.dir/__/__/Middlewares/Third_Party/FreeRTOS/Source/tasks.c.obj
 .bss.xDelayedTaskList1
                0x20000918       0x14 cmake/stm32cubemx/CMakeFiles/FreeRTOS.dir/__/__/Middlewares/Third_Party/FreeRTOS/Source/tasks.c.obj
 .bss.xDelayedTaskList2
                0x2000092c       0x14 cmake/stm32cubemx/CMakeFiles/FreeRTOS.dir/__/__/Middlewares/Third_Party/FreeRTOS/Source/tasks.c.obj
 .bss.pxDelayedTaskList